C:/Users/Arvyn/Desktop/STM32CubeL4-master/Projects/B-L475E-IOT01A/Applications/WiFi/Common/Src/es_wifi.c:133:16:ParseNumber	20	static
C:/Users/Arvyn/Desktop/STM32CubeL4-master/Projects/B-L475E-IOT01A/Applications/WiFi/Common/Src/es_wifi.c:770:25:AT_RequestSendData	32	static
C:/Users/Arvyn/Desktop/STM32CubeL4-master/Projects/B-L475E-IOT01A/Applications/WiFi/Common/Src/es_wifi.c:839:25:AT_RequestReceiveData	32	static
C:/Users/Arvyn/Desktop/STM32CubeL4-master/Projects/B-L475E-IOT01A/Applications/WiFi/Common/Src/es_wifi.c:189:13:ParseIP	32	static
C:/Users/Arvyn/Desktop/STM32CubeL4-master/Projects/B-L475E-IOT01A/Applications/WiFi/Common/Src/es_wifi.c:716:25:AT_ExecuteCommand	24	static
C:/Users/Arvyn/Desktop/STM32CubeL4-master/Projects/B-L475E-IOT01A/Applications/WiFi/Common/Src/es_wifi.c:211:31:ParseSecurity	8	static
C:/Users/Arvyn/Desktop/STM32CubeL4-master/Projects/B-L475E-IOT01A/Applications/WiFi/Common/Src/es_wifi.c:165:13:ParseMAC	24	static
C:/Users/Arvyn/Desktop/STM32CubeL4-master/Projects/B-L475E-IOT01A/Applications/WiFi/Common/Src/es_wifi.c:906:18:ES_WIFI_Init	32	static
C:/Users/Arvyn/Desktop/STM32CubeL4-master/Projects/B-L475E-IOT01A/Applications/WiFi/Common/Src/es_wifi.c:938:18:ES_WIFI_GetProductID	8	static
C:/Users/Arvyn/Desktop/STM32CubeL4-master/Projects/B-L475E-IOT01A/Applications/WiFi/Common/Src/es_wifi.c:956:18:ES_WIFI_GetFWRevID	8	static
C:/Users/Arvyn/Desktop/STM32CubeL4-master/Projects/B-L475E-IOT01A/Applications/WiFi/Common/Src/es_wifi.c:974:18:ES_WIFI_GetProductName	8	static
C:/Users/Arvyn/Desktop/STM32CubeL4-master/Projects/B-L475E-IOT01A/Applications/WiFi/Common/Src/es_wifi.c:991:18:ES_WIFI_GetAPIRev	8	static
C:/Users/Arvyn/Desktop/STM32CubeL4-master/Projects/B-L475E-IOT01A/Applications/WiFi/Common/Src/es_wifi.c:1008:18:ES_WIFI_GetStackRev	8	static
C:/Users/Arvyn/Desktop/STM32CubeL4-master/Projects/B-L475E-IOT01A/Applications/WiFi/Common/Src/es_wifi.c:1025:18:ES_WIFI_GetRTOSRev	8	static
C:/Users/Arvyn/Desktop/STM32CubeL4-master/Projects/B-L475E-IOT01A/Applications/WiFi/Common/Src/es_wifi.c:1041:19:ES_WIFI_RegisterBusIO	12	static
C:/Users/Arvyn/Desktop/STM32CubeL4-master/Projects/B-L475E-IOT01A/Applications/WiFi/Common/Src/es_wifi.c:1067:18:ES_WIFI_SetTimeout	0	static
C:/Users/Arvyn/Desktop/STM32CubeL4-master/Projects/B-L475E-IOT01A/Applications/WiFi/Common/Src/es_wifi.c:1079:18:ES_WIFI_ListAccessPoints	80	static
C:/Users/Arvyn/Desktop/STM32CubeL4-master/Projects/B-L475E-IOT01A/Applications/WiFi/Common/Src/es_wifi.c:1165:18:ES_WIFI_Connect	24	static
C:/Users/Arvyn/Desktop/STM32CubeL4-master/Projects/B-L475E-IOT01A/Applications/WiFi/Common/Src/es_wifi.c:1206:9:ES_WIFI_IsConnected	8	static
C:/Users/Arvyn/Desktop/STM32CubeL4-master/Projects/B-L475E-IOT01A/Applications/WiFi/Common/Src/es_wifi.c:1228:18:ES_WIFI_Disconnect	8	static
C:/Users/Arvyn/Desktop/STM32CubeL4-master/Projects/B-L475E-IOT01A/Applications/WiFi/Common/Src/es_wifi.c:1245:18:ES_WIFI_GetNetworkSettings	32	static
C:/Users/Arvyn/Desktop/STM32CubeL4-master/Projects/B-L475E-IOT01A/Applications/WiFi/Common/Src/es_wifi.c:1270:18:ES_WIFI_ActivateAP	32	static
C:/Users/Arvyn/Desktop/STM32CubeL4-master/Projects/B-L475E-IOT01A/Applications/WiFi/Common/Src/es_wifi.c:1332:19:ES_WIFI_WaitAPStateChange	32	static
C:/Users/Arvyn/Desktop/STM32CubeL4-master/Projects/B-L475E-IOT01A/Applications/WiFi/Common/Src/es_wifi.c:1408:18:ES_WIFI_GetMACAddress	24	static
C:/Users/Arvyn/Desktop/STM32CubeL4-master/Projects/B-L475E-IOT01A/Applications/WiFi/Common/Src/es_wifi.c:1436:18:ES_WIFI_GetIPAddress	8	static
C:/Users/Arvyn/Desktop/STM32CubeL4-master/Projects/B-L475E-IOT01A/Applications/WiFi/Common/Src/es_wifi.c:1449:18:ES_WIFI_SetMACAddress	32	static
C:/Users/Arvyn/Desktop/STM32CubeL4-master/Projects/B-L475E-IOT01A/Applications/WiFi/Common/Src/es_wifi.c:1473:18:ES_WIFI_ResetToFactoryDefault	8	static
C:/Users/Arvyn/Desktop/STM32CubeL4-master/Projects/B-L475E-IOT01A/Applications/WiFi/Common/Src/es_wifi.c:1492:18:ES_WIFI_ResetModule	16	static
C:/Users/Arvyn/Desktop/STM32CubeL4-master/Projects/B-L475E-IOT01A/Applications/WiFi/Common/Src/es_wifi.c:1519:18:ES_WIFI_HardResetModule	8	static
C:/Users/Arvyn/Desktop/STM32CubeL4-master/Projects/B-L475E-IOT01A/Applications/WiFi/Common/Src/es_wifi.c:1539:18:ES_WIFI_SetProductName	16	static
C:/Users/Arvyn/Desktop/STM32CubeL4-master/Projects/B-L475E-IOT01A/Applications/WiFi/Common/Src/es_wifi.c:1638:18:ES_WIFI_GetSystemConfig	24	static
C:/Users/Arvyn/Desktop/STM32CubeL4-master/Projects/B-L475E-IOT01A/Applications/WiFi/Common/Src/es_wifi.c:1663:18:ES_WIFI_Ping	40	static
C:/Users/Arvyn/Desktop/STM32CubeL4-master/Projects/B-L475E-IOT01A/Applications/WiFi/Common/Src/es_wifi.c:1714:18:ES_WIFI_DNS_LookUp	24	static
C:/Users/Arvyn/Desktop/STM32CubeL4-master/Projects/B-L475E-IOT01A/Applications/WiFi/Common/Src/es_wifi.c:1741:18:ES_WIFI_StartClientConnection	24	static
C:/Users/Arvyn/Desktop/STM32CubeL4-master/Projects/B-L475E-IOT01A/Applications/WiFi/Common/Src/es_wifi.c:1799:18:ES_WIFI_StopClientConnection	16	static
C:/Users/Arvyn/Desktop/STM32CubeL4-master/Projects/B-L475E-IOT01A/Applications/WiFi/Common/Src/es_wifi.c:1893:18:ES_WIFI_StartServerSingleConn	16	static
C:/Users/Arvyn/Desktop/STM32CubeL4-master/Projects/B-L475E-IOT01A/Applications/WiFi/Common/Src/es_wifi.c:1963:18:ES_WIFI_WaitServerConnection	48	static
C:/Users/Arvyn/Desktop/STM32CubeL4-master/Projects/B-L475E-IOT01A/Applications/WiFi/Common/Src/es_wifi.c:2061:18:ES_WIFI_CloseServerConnection	16	static
C:/Users/Arvyn/Desktop/STM32CubeL4-master/Projects/B-L475E-IOT01A/Applications/WiFi/Common/Src/es_wifi.c:2093:18:ES_WIFI_StopServerSingleConn	16	static
C:/Users/Arvyn/Desktop/STM32CubeL4-master/Projects/B-L475E-IOT01A/Applications/WiFi/Common/Src/es_wifi.c:2128:18:ES_WIFI_StartServerMultiConn	16	static
C:/Users/Arvyn/Desktop/STM32CubeL4-master/Projects/B-L475E-IOT01A/Applications/WiFi/Common/Src/es_wifi.c:2191:18:ES_WIFI_StopServerMultiConn	32	static
C:/Users/Arvyn/Desktop/STM32CubeL4-master/Projects/B-L475E-IOT01A/Applications/WiFi/Common/Src/es_wifi.c:2264:18:ES_WIFI_SendData	40	static
C:/Users/Arvyn/Desktop/STM32CubeL4-master/Projects/B-L475E-IOT01A/Applications/WiFi/Common/Src/es_wifi.c:2335:18:ES_WIFI_SendDataTo	40	static
C:/Users/Arvyn/Desktop/STM32CubeL4-master/Projects/B-L475E-IOT01A/Applications/WiFi/Common/Src/es_wifi.c:2436:18:ES_WIFI_ReceiveData	40	static
C:/Users/Arvyn/Desktop/STM32CubeL4-master/Projects/B-L475E-IOT01A/Applications/WiFi/Common/Src/es_wifi.c:2500:18:ES_WIFI_ReceiveDataFrom	64	static
C:/Users/Arvyn/Desktop/STM32CubeL4-master/Projects/B-L475E-IOT01A/Applications/WiFi/Common/Src/es_wifi.c:2596:18:ES_WIFI_StoreCreds	56	static
C:/Users/Arvyn/Desktop/STM32CubeL4-master/Projects/B-L475E-IOT01A/Applications/WiFi/Common/Src/es_wifi.c:2637:18:ES_WIFI_StoreCA	24	static
C:/Users/Arvyn/Desktop/STM32CubeL4-master/Projects/B-L475E-IOT01A/Applications/WiFi/Common/Src/es_wifi.c:2664:18:ES_WIFI_StoreCertificate	24	static
C:/Users/Arvyn/Desktop/STM32CubeL4-master/Projects/B-L475E-IOT01A/Applications/WiFi/Common/Src/es_wifi.c:2691:18:ES_WIFI_StoreKey	24	static
