C:/Users/Arvyn/Desktop/STM32CubeL4-master/Projects/B-L475E-IOT01A/Applications/WiFi/Common/Src/wifi.c:34:15:WIFI_Init	16	static
C:/Users/Arvyn/Desktop/STM32CubeL4-master/Projects/B-L475E-IOT01A/Applications/WiFi/Common/Src/wifi.c:59:15:WIFI_ListAccessPoints	496	static
C:/Users/Arvyn/Desktop/STM32CubeL4-master/Projects/B-L475E-IOT01A/Applications/WiFi/Common/Src/wifi.c:95:15:WIFI_Connect	8	static
C:/Users/Arvyn/Desktop/STM32CubeL4-master/Projects/B-L475E-IOT01A/Applications/WiFi/Common/Src/wifi.c:113:15:WIFI_GetMAC_Address	8	static
C:/Users/Arvyn/Desktop/STM32CubeL4-master/Projects/B-L475E-IOT01A/Applications/WiFi/Common/Src/wifi.c:131:15:WIFI_GetIP_Address	16	static
C:/Users/Arvyn/Desktop/STM32CubeL4-master/Projects/B-L475E-IOT01A/Applications/WiFi/Common/Src/wifi.c:151:15:WIFI_Disconnect	8	static
C:/Users/Arvyn/Desktop/STM32CubeL4-master/Projects/B-L475E-IOT01A/Applications/WiFi/Common/Src/wifi.c:171:15:WIFI_ConfigureAP	96	static
C:/Users/Arvyn/Desktop/STM32CubeL4-master/Projects/B-L475E-IOT01A/Applications/WiFi/Common/Src/wifi.c:213:15:WIFI_HandleAPEvents	16	static
C:/Users/Arvyn/Desktop/STM32CubeL4-master/Projects/B-L475E-IOT01A/Applications/WiFi/Common/Src/wifi.c:253:15:WIFI_Ping	16	static
C:/Users/Arvyn/Desktop/STM32CubeL4-master/Projects/B-L475E-IOT01A/Applications/WiFi/Common/Src/wifi.c:271:15:WIFI_GetHostAddress	8	static
C:/Users/Arvyn/Desktop/STM32CubeL4-master/Projects/B-L475E-IOT01A/Applications/WiFi/Common/Src/wifi.c:295:15:WIFI_OpenClientConnection	32	static
C:/Users/Arvyn/Desktop/STM32CubeL4-master/Projects/B-L475E-IOT01A/Applications/WiFi/Common/Src/wifi.c:322:15:WIFI_CloseClientConnection	32	static
C:/Users/Arvyn/Desktop/STM32CubeL4-master/Projects/B-L475E-IOT01A/Applications/WiFi/Common/Src/wifi.c:344:15:WIFI_StartServer	32	static
C:/Users/Arvyn/Desktop/STM32CubeL4-master/Projects/B-L475E-IOT01A/Applications/WiFi/Common/Src/wifi.c:367:15:WIFI_WaitServerConnection	40	static
C:/Users/Arvyn/Desktop/STM32CubeL4-master/Projects/B-L475E-IOT01A/Applications/WiFi/Common/Src/wifi.c:411:15:WIFI_CloseServerConnection	8	static
C:/Users/Arvyn/Desktop/STM32CubeL4-master/Projects/B-L475E-IOT01A/Applications/WiFi/Common/Src/wifi.c:427:15:WIFI_StopServer	8	static
C:/Users/Arvyn/Desktop/STM32CubeL4-master/Projects/B-L475E-IOT01A/Applications/WiFi/Common/Src/wifi.c:447:15:WIFI_SendData	16	static
C:/Users/Arvyn/Desktop/STM32CubeL4-master/Projects/B-L475E-IOT01A/Applications/WiFi/Common/Src/wifi.c:460:15:WIFI_SendFloat	40	static
C:/Users/Arvyn/Desktop/STM32CubeL4-master/Projects/B-L475E-IOT01A/Applications/WiFi/Common/Src/wifi.c:489:15:WIFI_SendDataTo	24	static
C:/Users/Arvyn/Desktop/STM32CubeL4-master/Projects/B-L475E-IOT01A/Applications/WiFi/Common/Src/wifi.c:513:15:WIFI_ReceiveData	16	static
C:/Users/Arvyn/Desktop/STM32CubeL4-master/Projects/B-L475E-IOT01A/Applications/WiFi/Common/Src/wifi.c:537:15:WIFI_ReceiveDataFrom	40	static
C:/Users/Arvyn/Desktop/STM32CubeL4-master/Projects/B-L475E-IOT01A/Applications/WiFi/Common/Src/wifi.c:559:15:WIFI_SetOEMProperties	8	static
C:/Users/Arvyn/Desktop/STM32CubeL4-master/Projects/B-L475E-IOT01A/Applications/WiFi/Common/Src/wifi.c:577:15:WIFI_ResetModule	8	static
C:/Users/Arvyn/Desktop/STM32CubeL4-master/Projects/B-L475E-IOT01A/Applications/WiFi/Common/Src/wifi.c:592:15:WIFI_SetModuleDefault	8	static
C:/Users/Arvyn/Desktop/STM32CubeL4-master/Projects/B-L475E-IOT01A/Applications/WiFi/Common/Src/wifi.c:609:15:WIFI_ModuleFirmwareUpdate	0	static
C:/Users/Arvyn/Desktop/STM32CubeL4-master/Projects/B-L475E-IOT01A/Applications/WiFi/Common/Src/wifi.c:620:15:WIFI_GetModuleFwRevision	16	static
C:/Users/Arvyn/Desktop/STM32CubeL4-master/Projects/B-L475E-IOT01A/Applications/WiFi/Common/Src/wifi.c:639:15:WIFI_GetModuleID	16	static
C:/Users/Arvyn/Desktop/STM32CubeL4-master/Projects/B-L475E-IOT01A/Applications/WiFi/Common/Src/wifi.c:659:15:WIFI_GetModuleName	16	static
