Archive member included to satisfy reference by file (symbol)

c:/st/stm32cubeide_1.12.0/stm32cubeide/plugins/com.st.stm32cube.ide.mcu.externaltools.gnu-tools-for-stm32.10.3-2021.10.win32_1.0.200.202301161003/tools/bin/../lib/gcc/arm-none-eabi/10.3.1/../../../../arm-none-eabi/lib/thumb/v7e-m+fp/hard\libc_nano.a(lib_a-errno.o)
                              ./SW4STM32/syscalls.o (__errno)
c:/st/stm32cubeide_1.12.0/stm32cubeide/plugins/com.st.stm32cube.ide.mcu.externaltools.gnu-tools-for-stm32.10.3-2021.10.win32_1.0.200.202301161003/tools/bin/../lib/gcc/arm-none-eabi/10.3.1/../../../../arm-none-eabi/lib/thumb/v7e-m+fp/hard\libc_nano.a(lib_a-exit.o)
                              c:/st/stm32cubeide_1.12.0/stm32cubeide/plugins/com.st.stm32cube.ide.mcu.externaltools.gnu-tools-for-stm32.10.3-2021.10.win32_1.0.200.202301161003/tools/bin/../lib/gcc/arm-none-eabi/10.3.1/../../../../arm-none-eabi/lib/thumb/v7e-m+fp/hard/crt0.o (exit)
c:/st/stm32cubeide_1.12.0/stm32cubeide/plugins/com.st.stm32cube.ide.mcu.externaltools.gnu-tools-for-stm32.10.3-2021.10.win32_1.0.200.202301161003/tools/bin/../lib/gcc/arm-none-eabi/10.3.1/../../../../arm-none-eabi/lib/thumb/v7e-m+fp/hard\libc_nano.a(lib_a-getchar.o)
                              ./Application/User/main.o (getchar)
c:/st/stm32cubeide_1.12.0/stm32cubeide/plugins/com.st.stm32cube.ide.mcu.externaltools.gnu-tools-for-stm32.10.3-2021.10.win32_1.0.200.202301161003/tools/bin/../lib/gcc/arm-none-eabi/10.3.1/../../../../arm-none-eabi/lib/thumb/v7e-m+fp/hard\libc_nano.a(lib_a-impure.o)
                              c:/st/stm32cubeide_1.12.0/stm32cubeide/plugins/com.st.stm32cube.ide.mcu.externaltools.gnu-tools-for-stm32.10.3-2021.10.win32_1.0.200.202301161003/tools/bin/../lib/gcc/arm-none-eabi/10.3.1/../../../../arm-none-eabi/lib/thumb/v7e-m+fp/hard\libc_nano.a(lib_a-exit.o) (_global_impure_ptr)
c:/st/stm32cubeide_1.12.0/stm32cubeide/plugins/com.st.stm32cube.ide.mcu.externaltools.gnu-tools-for-stm32.10.3-2021.10.win32_1.0.200.202301161003/tools/bin/../lib/gcc/arm-none-eabi/10.3.1/../../../../arm-none-eabi/lib/thumb/v7e-m+fp/hard\libc_nano.a(lib_a-init.o)
                              c:/st/stm32cubeide_1.12.0/stm32cubeide/plugins/com.st.stm32cube.ide.mcu.externaltools.gnu-tools-for-stm32.10.3-2021.10.win32_1.0.200.202301161003/tools/bin/../lib/gcc/arm-none-eabi/10.3.1/../../../../arm-none-eabi/lib/thumb/v7e-m+fp/hard/crt0.o (__libc_init_array)
c:/st/stm32cubeide_1.12.0/stm32cubeide/plugins/com.st.stm32cube.ide.mcu.externaltools.gnu-tools-for-stm32.10.3-2021.10.win32_1.0.200.202301161003/tools/bin/../lib/gcc/arm-none-eabi/10.3.1/../../../../arm-none-eabi/lib/thumb/v7e-m+fp/hard\libc_nano.a(lib_a-memcpy-stub.o)
                              ./Application/WIFI/es_wifi.o (memcpy)
c:/st/stm32cubeide_1.12.0/stm32cubeide/plugins/com.st.stm32cube.ide.mcu.externaltools.gnu-tools-for-stm32.10.3-2021.10.win32_1.0.200.202301161003/tools/bin/../lib/gcc/arm-none-eabi/10.3.1/../../../../arm-none-eabi/lib/thumb/v7e-m+fp/hard\libc_nano.a(lib_a-memset.o)
                              c:/st/stm32cubeide_1.12.0/stm32cubeide/plugins/com.st.stm32cube.ide.mcu.externaltools.gnu-tools-for-stm32.10.3-2021.10.win32_1.0.200.202301161003/tools/bin/../lib/gcc/arm-none-eabi/10.3.1/../../../../arm-none-eabi/lib/thumb/v7e-m+fp/hard/crt0.o (memset)
c:/st/stm32cubeide_1.12.0/stm32cubeide/plugins/com.st.stm32cube.ide.mcu.externaltools.gnu-tools-for-stm32.10.3-2021.10.win32_1.0.200.202301161003/tools/bin/../lib/gcc/arm-none-eabi/10.3.1/../../../../arm-none-eabi/lib/thumb/v7e-m+fp/hard\libc_nano.a(lib_a-nano-vfprintf_float.o)
                              (_printf_float)
c:/st/stm32cubeide_1.12.0/stm32cubeide/plugins/com.st.stm32cube.ide.mcu.externaltools.gnu-tools-for-stm32.10.3-2021.10.win32_1.0.200.202301161003/tools/bin/../lib/gcc/arm-none-eabi/10.3.1/../../../../arm-none-eabi/lib/thumb/v7e-m+fp/hard\libc_nano.a(lib_a-nano-vfprintf_i.o)
                              c:/st/stm32cubeide_1.12.0/stm32cubeide/plugins/com.st.stm32cube.ide.mcu.externaltools.gnu-tools-for-stm32.10.3-2021.10.win32_1.0.200.202301161003/tools/bin/../lib/gcc/arm-none-eabi/10.3.1/../../../../arm-none-eabi/lib/thumb/v7e-m+fp/hard\libc_nano.a(lib_a-nano-vfprintf_float.o) (_printf_common)
c:/st/stm32cubeide_1.12.0/stm32cubeide/plugins/com.st.stm32cube.ide.mcu.externaltools.gnu-tools-for-stm32.10.3-2021.10.win32_1.0.200.202301161003/tools/bin/../lib/gcc/arm-none-eabi/10.3.1/../../../../arm-none-eabi/lib/thumb/v7e-m+fp/hard\libc_nano.a(lib_a-printf.o)
                              ./Application/User/main.o (printf)
c:/st/stm32cubeide_1.12.0/stm32cubeide/plugins/com.st.stm32cube.ide.mcu.externaltools.gnu-tools-for-stm32.10.3-2021.10.win32_1.0.200.202301161003/tools/bin/../lib/gcc/arm-none-eabi/10.3.1/../../../../arm-none-eabi/lib/thumb/v7e-m+fp/hard\libc_nano.a(lib_a-puts.o)
                              ./Application/User/main.o (puts)
[...]
Memory Configuration

Name             Origin             Length             Attributes
RAM              0x0000000020000000 0x0000000000018000 xrw
RAM2             0x0000000010000000 0x0000000000008000 xrw
FLASH            0x0000000008000000 0x0000000000100000 xr
*default*        0x0000000000000000 0xffffffffffffffff

Linker script and memory map

LOAD c:/st/stm32cubeide_1.12.0/stm32cubeide/plugins/com.st.stm32cube.ide.mcu.externaltools.gnu-tools-for-stm32.10.3-2021.10.win32_1.0.200.202301161003/tools/bin/../lib/gcc/arm-none-eabi/10.3.1/thumb/v7e-m+fp/hard/crti.o
LOAD c:/st/stm32cubeide_1.12.0/stm32cubeide/plugins/com.st.stm32cube.ide.mcu.externaltools.gnu-tools-for-stm32.10.3-2021.10.win32_1.0.200.202301161003/tools/bin/../lib/gcc/arm-none-eabi/10.3.1/thumb/v7e-m+fp/hard/crtbegin.o
LOAD c:/st/stm32cubeide_1.12.0/stm32cubeide/plugins/com.st.stm32cube.ide.mcu.externaltools.gnu-tools-for-stm32.10.3-2021.10.win32_1.0.200.202301161003/tools/bin/../lib/gcc/arm-none-eabi/10.3.1/../../../../arm-none-eabi/lib/thumb/v7e-m+fp/hard/crt0.o
LOAD ./Application/User/main.o
LOAD ./Application/User/sensors.o
LOAD ./Application/User/stm32l4xx_it.o
LOAD ./Application/WIFI/es_wifi.o
LOAD ./Application/WIFI/es_wifi_io.o
LOAD ./Application/WIFI/wifi.o
LOAD ./Drivers/BSP/B-L475E-IOT01/stm32l475e_iot01.o
LOAD ./Drivers/BSP/B-L475E-IOT01/stm32l475e_iot01_accelero.o
LOAD ./Drivers/BSP/B-L475E-IOT01/stm32l475e_iot01_gyro.o
LOAD ./Drivers/BSP/B-L475E-IOT01/stm32l475e_iot01_hsensor.o
LOAD ./Drivers/BSP/B-L475E-IOT01/stm32l475e_iot01_magneto.o
LOAD ./Drivers/BSP/B-L475E-IOT01/stm32l475e_iot01_psensor.o
LOAD ./Drivers/BSP/B-L475E-IOT01/stm32l475e_iot01_tsensor.o
LOAD ./Drivers/BSP/Components/hts221.o
LOAD ./Drivers/BSP/Components/lis3mdl.o
LOAD ./Drivers/BSP/Components/lps22hb.o
LOAD ./Drivers/BSP/Components/lsm6dsl.o
LOAD ./Drivers/CMSIS/system_stm32l4xx.o
LOAD ./Drivers/STM32L4xx_HAL_Driver/stm32l4xx_hal.o
LOAD ./Drivers/STM32L4xx_HAL_Driver/stm32l4xx_hal_cortex.o
LOAD ./Drivers/STM32L4xx_HAL_Driver/stm32l4xx_hal_dma.o
LOAD ./Drivers/STM32L4xx_HAL_Driver/stm32l4xx_hal_flash.o
LOAD ./Drivers/STM32L4xx_HAL_Driver/stm32l4xx_hal_flash_ex.o
LOAD ./Drivers/STM32L4xx_HAL_Driver/stm32l4xx_hal_gpio.o
LOAD ./Drivers/STM32L4xx_HAL_Driver/stm32l4xx_hal_i2c.o
LOAD ./Drivers/STM32L4xx_HAL_Driver/stm32l4xx_hal_i2c_ex.o
LOAD ./Drivers/STM32L4xx_HAL_Driver/stm32l4xx_hal_pwr.o
LOAD ./Drivers/STM32L4xx_HAL_Driver/stm32l4xx_hal_pwr_ex.o
LOAD ./Drivers/STM32L4xx_HAL_Driver/stm32l4xx_hal_rcc.o
LOAD ./Drivers/STM32L4xx_HAL_Driver/stm32l4xx_hal_rcc_ex.o
LOAD ./Drivers/STM32L4xx_HAL_Driver/stm32l4xx_hal_spi.o
LOAD ./Drivers/STM32L4xx_HAL_Driver/stm32l4xx_hal_spi_ex.o
LOAD ./Drivers/STM32L4xx_HAL_Driver/stm32l4xx_hal_uart.o
LOAD ./Drivers/STM32L4xx_HAL_Driver/stm32l4xx_hal_uart_ex.o
LOAD ./SW4STM32/startup_stm32l475xx.o
LOAD ./SW4STM32/syscalls.o
START GROUP
LOAD c:/st/stm32cubeide_1.12.0/stm32cubeide/plugins/com.st.stm32cube.ide.mcu.externaltools.gnu-tools-for-stm32.10.3-2021.10.win32_1.0.200.202301161003/tools/bin/../lib/gcc/arm-none-eabi/10.3.1/../../../../arm-none-eabi/lib/thumb/v7e-m+fp/hard\libc_nano.a
LOAD c:/st/stm32cubeide_1.12.0/stm32cubeide/plugins/com.st.stm32cube.ide.mcu.externaltools.gnu-tools-for-stm32.10.3-2021.10.win32_1.0.200.202301161003/tools/bin/../lib/gcc/arm-none-eabi/10.3.1/../../../../arm-none-eabi/lib/thumb/v7e-m+fp/hard\libm.a
END GROUP
START GROUP
LOAD c:/st/stm32cubeide_1.12.0/stm32cubeide/plugins/com.st.stm32cube.ide.mcu.externaltools.gnu-tools-for-stm32.10.3-2021.10.win32_1.0.200.202301161003/tools/bin/../lib/gcc/arm-none-eabi/10.3.1/thumb/v7e-m+fp/hard\libgcc.a
LOAD c:/st/stm32cubeide_1.12.0/stm32cubeide/plugins/com.st.stm32cube.ide.mcu.externaltools.gnu-tools-for-stm32.10.3-2021.10.win32_1.0.200.202301161003/tools/bin/../lib/gcc/arm-none-eabi/10.3.1/../../../../arm-none-eabi/lib/thumb/v7e-m+fp/hard\libc_nano.a
END GROUP
START GROUP
LOAD c:/st/stm32cubeide_1.12.0/stm32cubeide/plugins/com.st.stm32cube.ide.mcu.externaltools.gnu-tools-for-stm32.10.3-2021.10.win32_1.0.200.202301161003/tools/bin/../lib/gcc/arm-none-eabi/10.3.1/thumb/v7e-m+fp/hard\libgcc.a
LOAD c:/st/stm32cubeide_1.12.0/stm32cubeide/plugins/com.st.stm32cube.ide.mcu.externaltools.gnu-tools-for-stm32.10.3-2021.10.win32_1.0.200.202301161003/tools/bin/../lib/gcc/arm-none-eabi/10.3.1/../../../../arm-none-eabi/lib/thumb/v7e-m+fp/hard\libc_nano.a
LOAD c:/st/stm32cubeide_1.12.0/stm32cubeide/plugins/com.st.stm32cube.ide.mcu.externaltools.gnu-tools-for-stm32.10.3-2021.10.win32_1.0.200.202301161003/tools/bin/../lib/gcc/arm-none-eabi/10.3.1/../../../../arm-none-eabi/lib/thumb/v7e-m+fp/hard\libnosys.a
END GROUP
START GROUP
LOAD c:/st/stm32cubeide_1.12.0/stm32cubeide/plugins/com.st.stm32cube.ide.mcu.externaltools.gnu-tools-for-stm32.10.3-2021.10.win32_1.0.200.202301161003/tools/bin/../lib/gcc/arm-none-eabi/10.3.1/thumb/v7e-m+fp/hard\libgcc.a
LOAD c:/st/stm32cubeide_1.12.0/stm32cubeide/plugins/com.st.stm32cube.ide.mcu.externaltools.gnu-tools-for-stm32.10.3-2021.10.win32_1.0.200.202301161003/tools/bin/../lib/gcc/arm-none-eabi/10.3.1/../../../../arm-none-eabi/lib/thumb/v7e-m+fp/hard\libc_nano.a
LOAD c:/st/stm32cubeide_1.12.0/stm32cubeide/plugins/com.st.stm32cube.ide.mcu.externaltools.gnu-tools-for-stm32.10.3-2021.10.win32_1.0.200.202301161003/tools/bin/../lib/gcc/arm-none-eabi/10.3.1/../../../../arm-none-eabi/lib/thumb/v7e-m+fp/hard\libnosys.a
END GROUP
LOAD c:/st/stm32cubeide_1.12.0/stm32cubeide/plugins/com.st.stm32cube.ide.mcu.externaltools.gnu-tools-for-stm32.10.3-2021.10.win32_1.0.200.202301161003/tools/bin/../lib/gcc/arm-none-eabi/10.3.1/thumb/v7e-m+fp/hard/crtend.o
LOAD c:/st/stm32cubeide_1.12.0/stm32cubeide/plugins/com.st.stm32cube.ide.mcu.externaltools.gnu-tools-for-stm32.10.3-2021.10.win32_1.0.200.202301161003/tools/bin/../lib/gcc/arm-none-eabi/10.3.1/thumb/v7e-m+fp/hard/crtn.o
                0x0000000020018000                _estack = 0x20018000
                0x0000000000010000                _Min_Heap_Size = 0x10000
                0x0000000000007000                _Min_Stack_Size = 0x7000

.isr_vector     0x0000000008000000      0x188
                0x0000000008000000                . = ALIGN (0x8)
 *(.isr_vector)
 .isr_vector    0x0000000008000000      0x188 ./SW4STM32/startup_stm32l475xx.o
                0x0000000008000000                g_pfnVectors
                0x0000000008000188                . = ALIGN (0x8)

.text           0x0000000008000190     0x8630
                0x0000000008000190                . = ALIGN (0x8)
 *(.text)
 .text          0x0000000008000190       0x40 c:/st/stm32cubeide_1.12.0/stm32cubeide/plugins/com.st.stm32cube.ide.mcu.externaltools.gnu-tools-for-stm32.10.3-2021.10.win32_1.0.200.202301161003/tools/bin/../lib/gcc/arm-none-eabi/10.3.1/thumb/v7e-m+fp/hard/crtbegin.o
 .text          0x00000000080001d0       0x10 c:/st/stm32cubeide_1.12.0/stm32cubeide/plugins/com.st.stm32cube.ide.mcu.externaltools.gnu-tools-for-stm32.10.3-2021.10.win32_1.0.200.202301161003/tools/bin/../lib/gcc/arm-none-eabi/10.3.1/../../../../arm-none-eabi/lib/thumb/v7e-m+fp/hard\libc_nano.a(lib_a-strlen.o)
                0x00000000080001d0                strlen
 .text          0x00000000080001e0       0xa0 c:/st/stm32cubeide_1.12.0/stm32cubeide/plugins/com.st.stm32cube.ide.mcu.externaltools.gnu-tools-for-stm32.10.3-2021.10.win32_1.0.200.202301161003/tools/bin/../lib/gcc/arm-none-eabi/10.3.1/../../../../arm-none-eabi/lib/thumb/v7e-m+fp/hard\libc_nano.a(lib_a-memchr.o)
                0x00000000080001e0                memchr
 .text          0x0000000008000280      0x378 c:/st/stm32cubeide_1.12.0/stm32cubeide/plugins/com.st.stm32cube.ide.mcu.externaltools.gnu-tools-for-stm32.10.3-2021.10.win32_1.0.200.202301161003/tools/bin/../lib/gcc/arm-none-eabi/10.3.1/thumb/v7e-m+fp/hard\libgcc.a(_arm_addsubdf3.o)
                0x0000000008000280                __aeabi_drsub
                0x0000000008000288                __aeabi_dsub
                0x0000000008000288                __subdf3
                0x000000000800028c                __aeabi_dadd
                0x000000000800028c                __adddf3
                0x0000000008000504                __floatunsidf
                0x0000000008000504                __aeabi_ui2d
                0x0000000008000524                __floatsidf
                0x0000000008000524                __aeabi_i2d
                0x0000000008000548                __aeabi_f2d
                0x0000000008000548                __extendsfdf2
                0x000000000800058c                __floatundidf
                0x000000000800058c                __aeabi_ul2d
                0x000000000800059c                __floatdidf
                0x000000000800059c                __aeabi_l2d
 .text          0x00000000080005f8      0x424 c:/st/stm32cubeide_1.12.0/stm32cubeide/plugins/com.st.stm32cube.ide.mcu.externaltools.gnu-tools-for-stm32.10.3-2021.10.win32_1.0.200.202301161003/tools/bin/../lib/gcc/arm-none-eabi/10.3.1/thumb/v7e-m+fp/hard\libgcc.a(_arm_muldivdf3.o)
                0x00000000080005f8                __aeabi_dmul
                0x00000000080005f8                __muldf3
                0x000000000800084c                __divdf3
                0x000000000800084c                __aeabi_ddiv
 .text          0x0000000008000a1c      0x110 c:/st/stm32cubeide_1.12.0/stm32cubeide/plugins/com.st.stm32cube.ide.mcu.externaltools.gnu-tools-for-stm32.10.3-2021.10.win32_1.0.200.202301161003/tools/bin/../lib/gcc/arm-none-eabi/10.3.1/thumb/v7e-m+fp/hard\libgcc.a(_arm_cmpdf2.o)
                0x0000000008000a1c                __gtdf2
                0x0000000008000a1c                __gedf2
                0x0000000008000a24                __ltdf2
                0x0000000008000a24                __ledf2
                0x0000000008000a2c                __nedf2
                0x0000000008000a2c                __eqdf2
                0x0000000008000a2c                __cmpdf2
                0x0000000008000aa8                __aeabi_cdrcmple
                0x0000000008000ab8                __aeabi_cdcmpeq
                0x0000000008000ab8                __aeabi_cdcmple
                0x0000000008000ac8                __aeabi_dcmpeq
                0x0000000008000adc                __aeabi_dcmplt
                0x0000000008000af0                __aeabi_dcmple
                0x0000000008000b04                __aeabi_dcmpge
                0x0000000008000b18                __aeabi_dcmpgt
 .text          0x0000000008000b2c       0x2c c:/st/stm32cubeide_1.12.0/stm32cubeide/plugins/com.st.stm32cube.ide.mcu.externaltools.gnu-tools-for-stm32.10.3-2021.10.win32_1.0.200.202301161003/tools/bin/../lib/gcc/arm-none-eabi/10.3.1/thumb/v7e-m+fp/hard\libgcc.a(_arm_unorddf2.o)
                0x0000000008000b2c                __unorddf2
                0x0000000008000b2c                __aeabi_dcmpun
 .text          0x0000000008000b58       0x50 c:/st/stm32cubeide_1.12.0/stm32cubeide/plugins/com.st.stm32cube.ide.mcu.externaltools.gnu-tools-for-stm32.10.3-2021.10.win32_1.0.200.202301161003/tools/bin/../lib/gcc/arm-none-eabi/10.3.1/thumb/v7e-m+fp/hard\libgcc.a(_arm_fixdfsi.o)
                0x0000000008000b58                __aeabi_d2iz
                0x0000000008000b58                __fixdfsi
 .text          0x0000000008000ba8       0x30 c:/st/stm32cubeide_1.12.0/stm32cubeide/plugins/com.st.stm32cube.ide.mcu.externaltools.gnu-tools-for-stm32.10.3-2021.10.win32_1.0.200.202301161003/tools/bin/../lib/gcc/arm-none-eabi/10.3.1/thumb/v7e-m+fp/hard\libgcc.a(_aeabi_uldivmod.o)
                0x0000000008000ba8                __aeabi_uldivmod
 .text          0x0000000008000bd8      0x2d0 c:/st/stm32cubeide_1.12.0/stm32cubeide/plugins/com.st.stm32cube.ide.mcu.externaltools.gnu-tools-for-stm32.10.3-2021.10.win32_1.0.200.202301161003/tools/bin/../lib/gcc/arm-none-eabi/10.3.1/thumb/v7e-m+fp/hard\libgcc.a(_udivmoddi4.o)
                0x0000000008000bd8                __udivmoddi4
 .text          0x0000000008000ea8        0x4 c:/st/stm32cubeide_1.12.0/stm32cubeide/plugins/com.st.stm32cube.ide.mcu.externaltools.gnu-tools-for-stm32.10.3-2021.10.win32_1.0.200.202301161003/tools/bin/../lib/gcc/arm-none-eabi/10.3.1/thumb/v7e-m+fp/hard\libgcc.a(_dvmd_tls.o)
                0x0000000008000ea8                __aeabi_idiv0
                0x0000000008000ea8                __aeabi_ldiv0
 *(.text*)
 .text.startup.main
                0x0000000008000eac      0x3e4 ./Application/User/main.o
                0x0000000008000eac                main
 .text.__io_putchar
                0x0000000008001290       0x20 ./Application/User/main.o
                0x0000000008001290                __io_putchar
 .text.HAL_GPIO_EXTI_Callback
                0x00000000080012b0        0xa ./Application/User/main.o
                0x00000000080012b0                HAL_GPIO_EXTI_Callback
 *fill*         0x00000000080012ba        0x2 
 .text.SPI3_IRQHandler
                0x00000000080012bc        0xc ./Application/User/main.o
                0x00000000080012bc                SPI3_IRQHandler
 .text.Pressure_Test
                0x00000000080012c8        0xe ./Application/User/sensors.o
                0x00000000080012c8                Pressure_Test
 .text.Humidity_Test
                0x00000000080012d6        0xe ./Application/User/sensors.o
                0x00000000080012d6                Humidity_Test
 .text.Temperature_Test
                0x00000000080012e4        0xe ./Application/User/sensors.o
                0x00000000080012e4                Temperature_Test
 *fill*         0x00000000080012f2        0x2 
 .text.Accelero_Test
                0x00000000080012f4       0x28 ./Application/User/sensors.o
                0x00000000080012f4                Accelero_Test
 .text.Gyro_Test
                0x000000000800131c       0x2c ./Application/User/sensors.o
                0x000000000800131c                Gyro_Test
 .text.Magneto_Test
                0x0000000008001348       0x2c ./Application/User/sensors.o
                0x0000000008001348                Magneto_Test
 .text.NMI_Handler
                0x0000000008001374        0x2 ./Application/User/stm32l4xx_it.o
                0x0000000008001374                NMI_Handler
 .text.HardFault_Handler
                0x0000000008001376        0x2 ./Application/User/stm32l4xx_it.o
                0x0000000008001376                HardFault_Handler
 .text.MemManage_Handler
                0x0000000008001378        0x2 ./Application/User/stm32l4xx_it.o
                0x0000000008001378                MemManage_Handler
 .text.BusFault_Handler
                0x000000000800137a        0x2 ./Application/User/stm32l4xx_it.o
                0x000000000800137a                BusFault_Handler
 .text.UsageFault_Handler
                0x000000000800137c        0x2 ./Application/User/stm32l4xx_it.o
                0x000000000800137c                UsageFault_Handler
 .text.SVC_Handler
                0x000000000800137e        0x2 ./Application/User/stm32l4xx_it.o
                0x000000000800137e                SVC_Handler
 .text.DebugMon_Handler
                0x0000000008001380        0x2 ./Application/User/stm32l4xx_it.o
                0x0000000008001380                DebugMon_Handler
 .text.PendSV_Handler
                0x0000000008001382        0x2 ./Application/User/stm32l4xx_it.o
                0x0000000008001382                PendSV_Handler
 .text.SysTick_Handler
                0x0000000008001384        0x4 ./Application/User/stm32l4xx_it.o
                0x0000000008001384                SysTick_Handler
 .text.EXTI1_IRQHandler
                0x0000000008001388        0x6 ./Application/User/stm32l4xx_it.o
                0x0000000008001388                EXTI1_IRQHandler
 .text.ParseNumber
                0x000000000800138e       0x38 ./Application/WIFI/es_wifi.o
 *fill*         0x00000000080013c6        0x2 
 .text.AT_RequestSendData
                0x00000000080013c8       0x98 ./Application/WIFI/es_wifi.o
 .text.AT_RequestReceiveData
                0x0000000008001460       0xac ./Application/WIFI/es_wifi.o
 .text.ParseIP  0x000000000800150c       0x42 ./Application/WIFI/es_wifi.o
 *fill*         0x000000000800154e        0x2 
 .text.AT_ExecuteCommand
                0x0000000008001550       0x80 ./Application/WIFI/es_wifi.o
 .text.ParseMAC
                0x00000000080015d0       0x90 ./Application/WIFI/es_wifi.o
 .text.ES_WIFI_Init
                0x0000000008001660       0xfc ./Application/WIFI/es_wifi.o
                0x0000000008001660                ES_WIFI_Init
 .text.ES_WIFI_RegisterBusIO
                0x000000000800175c       0x24 ./Application/WIFI/es_wifi.o
                0x000000000800175c                ES_WIFI_RegisterBusIO
 .text.ES_WIFI_Connect
                0x0000000008001780       0x80 ./Application/WIFI/es_wifi.o
                0x0000000008001780                ES_WIFI_Connect
 .text.ES_WIFI_IsConnected
                0x0000000008001800       0x38 ./Application/WIFI/es_wifi.o
                0x0000000008001800                ES_WIFI_IsConnected
 .text.ES_WIFI_GetNetworkSettings
                0x0000000008001838      0x100 ./Application/WIFI/es_wifi.o
                0x0000000008001838                ES_WIFI_GetNetworkSettings
 .text.ES_WIFI_GetMACAddress
                0x0000000008001938       0x40 ./Application/WIFI/es_wifi.o
                0x0000000008001938                ES_WIFI_GetMACAddress
 .text.ES_WIFI_StartClientConnection
                0x0000000008001978      0x100 ./Application/WIFI/es_wifi.o
                0x0000000008001978                ES_WIFI_StartClientConnection
 .text.ES_WIFI_SendData
                0x0000000008001a78      0x104 ./Application/WIFI/es_wifi.o
                0x0000000008001a78                ES_WIFI_SendData
 .text.ES_WIFI_ReceiveData
                0x0000000008001b7c      0x114 ./Application/WIFI/es_wifi.o
                0x0000000008001b7c                ES_WIFI_ReceiveData
 .text.SPI_WIFI_DelayUs
                0x0000000008001c90       0x68 ./Application/WIFI/es_wifi_io.o
 .text.wait_spi_tx_event.isra.0
                0x0000000008001cf8       0x24 ./Application/WIFI/es_wifi_io.o
 .text.SPI_WIFI_MspInit
                0x0000000008001d1c      0x110 ./Application/WIFI/es_wifi_io.o
                0x0000000008001d1c                SPI_WIFI_MspInit
 .text.SPI_WIFI_ResetModule
                0x0000000008001e2c       0xd0 ./Application/WIFI/es_wifi_io.o
                0x0000000008001e2c                SPI_WIFI_ResetModule
 .text.SPI_WIFI_Init
                0x0000000008001efc       0x84 ./Application/WIFI/es_wifi_io.o
                0x0000000008001efc                SPI_WIFI_Init
 .text.SPI_WIFI_DeInit
                0x0000000008001f80       0x10 ./Application/WIFI/es_wifi_io.o
                0x0000000008001f80                SPI_WIFI_DeInit
 .text.SPI_WIFI_ReceiveData
                0x0000000008001f90       0xf4 ./Application/WIFI/es_wifi_io.o
                0x0000000008001f90                SPI_WIFI_ReceiveData
 .text.SPI_WIFI_SendData
                0x0000000008002084       0xb4 ./Application/WIFI/es_wifi_io.o
                0x0000000008002084                SPI_WIFI_SendData
 .text.SPI_WIFI_Delay
                0x0000000008002138        0x4 ./Application/WIFI/es_wifi_io.o
                0x0000000008002138                SPI_WIFI_Delay
 .text.HAL_SPI_RxCpltCallback
                0x000000000800213c       0x10 ./Application/WIFI/es_wifi_io.o
                0x000000000800213c                HAL_SPI_RxCpltCallback
 .text.HAL_SPI_TxCpltCallback
                0x000000000800214c       0x10 ./Application/WIFI/es_wifi_io.o
                0x000000000800214c                HAL_SPI_TxCpltCallback
 .text.SPI_WIFI_ISR
                0x000000000800215c       0x14 ./Application/WIFI/es_wifi_io.o
                0x000000000800215c                SPI_WIFI_ISR
 .text.WIFI_Init
                0x0000000008002170       0x48 ./Application/WIFI/wifi.o
                0x0000000008002170                WIFI_Init
 .text.WIFI_Connect
                0x00000000080021b8       0x28 ./Application/WIFI/wifi.o
                0x00000000080021b8                WIFI_Connect
 .text.WIFI_GetMAC_Address
                0x00000000080021e0       0x20 ./Application/WIFI/wifi.o
                0x00000000080021e0                WIFI_GetMAC_Address
 .text.WIFI_GetIP_Address
                0x0000000008002200       0x28 ./Application/WIFI/wifi.o
                0x0000000008002200                WIFI_GetIP_Address
 .text.WIFI_OpenClientConnection
                0x0000000008002228       0x50 ./Application/WIFI/wifi.o
                0x0000000008002228                WIFI_OpenClientConnection
 .text.WIFI_SendData
                0x0000000008002278       0x24 ./Application/WIFI/wifi.o
                0x0000000008002278                WIFI_SendData
 .text.WIFI_ReceiveData
                0x000000000800229c       0x24 ./Application/WIFI/wifi.o
                0x000000000800229c                WIFI_ReceiveData
 .text.I2Cx_Init.constprop.0
                0x00000000080022c0       0xc0 ./Drivers/BSP/B-L475E-IOT01/stm32l475e_iot01.o
 .text.BSP_LED_Init
                0x0000000008002380       0x44 ./Drivers/BSP/B-L475E-IOT01/stm32l475e_iot01.o
                0x0000000008002380                BSP_LED_Init
 .text.BSP_LED_On
                0x00000000080023c4       0x14 ./Drivers/BSP/B-L475E-IOT01/stm32l475e_iot01.o
                0x00000000080023c4                BSP_LED_On
 .text.BSP_COM_Init
                0x00000000080023d8       0x88 ./Drivers/BSP/B-L475E-IOT01/stm32l475e_iot01.o
                0x00000000080023d8                BSP_COM_Init
 .text.SENSOR_IO_Init
                0x0000000008002460        0x4 ./Drivers/BSP/B-L475E-IOT01/stm32l475e_iot01.o
                0x0000000008002460                SENSOR_IO_Init
 .text.SENSOR_IO_Write
                0x0000000008002464       0x38 ./Drivers/BSP/B-L475E-IOT01/stm32l475e_iot01.o
                0x0000000008002464                SENSOR_IO_Write
 .text.SENSOR_IO_Read
                0x000000000800249c       0x3c ./Drivers/BSP/B-L475E-IOT01/stm32l475e_iot01.o
                0x000000000800249c                SENSOR_IO_Read
 .text.SENSOR_IO_ReadMultiple
                0x00000000080024d8       0x30 ./Drivers/BSP/B-L475E-IOT01/stm32l475e_iot01.o
                0x00000000080024d8                SENSOR_IO_ReadMultiple
 .text.BSP_ACCELERO_Init
                0x0000000008002508       0x28 ./Drivers/BSP/B-L475E-IOT01/stm32l475e_iot01_accelero.o
                0x0000000008002508                BSP_ACCELERO_Init
 .text.BSP_ACCELERO_DeInit
                0x0000000008002530       0x14 ./Drivers/BSP/B-L475E-IOT01/stm32l475e_iot01_accelero.o
                0x0000000008002530                BSP_ACCELERO_DeInit
 .text.BSP_ACCELERO_AccGetXYZ
                0x0000000008002544       0x14 ./Drivers/BSP/B-L475E-IOT01/stm32l475e_iot01_accelero.o
                0x0000000008002544                BSP_ACCELERO_AccGetXYZ
 .text.BSP_GYRO_Init
                0x0000000008002558       0x28 ./Drivers/BSP/B-L475E-IOT01/stm32l475e_iot01_gyro.o
                0x0000000008002558                BSP_GYRO_Init
 .text.BSP_GYRO_DeInit
                0x0000000008002580       0x14 ./Drivers/BSP/B-L475E-IOT01/stm32l475e_iot01_gyro.o
                0x0000000008002580                BSP_GYRO_DeInit
 .text.BSP_GYRO_GetXYZ
                0x0000000008002594       0x14 ./Drivers/BSP/B-L475E-IOT01/stm32l475e_iot01_gyro.o
                0x0000000008002594                BSP_GYRO_GetXYZ
 .text.BSP_HSENSOR_Init
                0x00000000080025a8       0x28 ./Drivers/BSP/B-L475E-IOT01/stm32l475e_iot01_hsensor.o
                0x00000000080025a8                BSP_HSENSOR_Init
 .text.BSP_HSENSOR_ReadHumidity
                0x00000000080025d0       0x10 ./Drivers/BSP/B-L475E-IOT01/stm32l475e_iot01_hsensor.o
                0x00000000080025d0                BSP_HSENSOR_ReadHumidity
 .text.BSP_MAGNETO_Init
                0x00000000080025e0       0x48 ./Drivers/BSP/B-L475E-IOT01/stm32l475e_iot01_magneto.o
                0x00000000080025e0                BSP_MAGNETO_Init
 .text.BSP_MAGNETO_DeInit
                0x0000000008002628       0x14 ./Drivers/BSP/B-L475E-IOT01/stm32l475e_iot01_magneto.o
                0x0000000008002628                BSP_MAGNETO_DeInit
 .text.BSP_MAGNETO_GetXYZ
                0x000000000800263c       0x14 ./Drivers/BSP/B-L475E-IOT01/stm32l475e_iot01_magneto.o
                0x000000000800263c                BSP_MAGNETO_GetXYZ
 .text.BSP_PSENSOR_Init
                0x0000000008002650       0x28 ./Drivers/BSP/B-L475E-IOT01/stm32l475e_iot01_psensor.o
                0x0000000008002650                BSP_PSENSOR_Init
 .text.BSP_PSENSOR_ReadPressure
                0x0000000008002678       0x10 ./Drivers/BSP/B-L475E-IOT01/stm32l475e_iot01_psensor.o
                0x0000000008002678                BSP_PSENSOR_ReadPressure
 .text.BSP_TSENSOR_Init
                0x0000000008002688       0x24 ./Drivers/BSP/B-L475E-IOT01/stm32l475e_iot01_tsensor.o
                0x0000000008002688                BSP_TSENSOR_Init
 .text.BSP_TSENSOR_ReadTemp
                0x00000000080026ac       0x10 ./Drivers/BSP/B-L475E-IOT01/stm32l475e_iot01_tsensor.o
                0x00000000080026ac                BSP_TSENSOR_ReadTemp
 .text.HTS221_H_Init
                0x00000000080026bc       0x20 ./Drivers/BSP/Components/hts221.o
                0x00000000080026bc                HTS221_H_Init
 .text.HTS221_T_Init
                0x00000000080026dc       0x20 ./Drivers/BSP/Components/hts221.o
                0x00000000080026dc                HTS221_T_Init
 .text.HTS221_H_ReadID
                0x00000000080026fc       0x14 ./Drivers/BSP/Components/hts221.o
                0x00000000080026fc                HTS221_H_ReadID
 .text.HTS221_H_ReadHumidity
                0x0000000008002710       0xc0 ./Drivers/BSP/Components/hts221.o
                0x0000000008002710                HTS221_H_ReadHumidity
 .text.HTS221_T_ReadTemp
                0x00000000080027d0       0x98 ./Drivers/BSP/Components/hts221.o
                0x00000000080027d0                HTS221_T_ReadTemp
 .text.LIS3MDL_MagInit
                0x0000000008002868       0x4a ./Drivers/BSP/Components/lis3mdl.o
                0x0000000008002868                LIS3MDL_MagInit
 .text.LIS3MDL_MagDeInit
                0x00000000080028b2       0x1e ./Drivers/BSP/Components/lis3mdl.o
                0x00000000080028b2                LIS3MDL_MagDeInit
 .text.LIS3MDL_MagLowPower
                0x00000000080028d0       0x22 ./Drivers/BSP/Components/lis3mdl.o
                0x00000000080028d0                LIS3MDL_MagLowPower
 .text.LIS3MDL_MagReadID
                0x00000000080028f2       0x12 ./Drivers/BSP/Components/lis3mdl.o
                0x00000000080028f2                LIS3MDL_MagReadID
 .text.LIS3MDL_MagReadXYZ
                0x0000000008002904       0xc0 ./Drivers/BSP/Components/lis3mdl.o
                0x0000000008002904                LIS3MDL_MagReadXYZ
 .text.LPS22HB_P_ReadPressure
                0x00000000080029c4       0x54 ./Drivers/BSP/Components/lps22hb.o
                0x00000000080029c4                LPS22HB_P_ReadPressure
 .text.LPS22HB_T_ReadTemp
                0x0000000008002a18       0x36 ./Drivers/BSP/Components/lps22hb.o
                0x0000000008002a18                LPS22HB_T_ReadTemp
 .text.LPS22HB_Init
                0x0000000008002a4e       0x38 ./Drivers/BSP/Components/lps22hb.o
 .text.LPS22HB_P_Init
                0x0000000008002a86        0x4 ./Drivers/BSP/Components/lps22hb.o
                0x0000000008002a86                LPS22HB_P_Init
 .text.LPS22HB_T_Init
                0x0000000008002a8a        0x4 ./Drivers/BSP/Components/lps22hb.o
                0x0000000008002a8a                LPS22HB_T_Init
 .text.LPS22HB_P_ReadID
                0x0000000008002a8e       0x14 ./Drivers/BSP/Components/lps22hb.o
                0x0000000008002a8e                LPS22HB_P_ReadID
 .text.LSM6DSL_AccInit
                0x0000000008002aa2       0x38 ./Drivers/BSP/Components/lsm6dsl.o
                0x0000000008002aa2                LSM6DSL_AccInit
 .text.LSM6DSL_AccDeInit
                0x0000000008002ada       0x1a ./Drivers/BSP/Components/lsm6dsl.o
                0x0000000008002ada                LSM6DSL_AccDeInit
 .text.LSM6DSL_AccLowPower
                0x0000000008002af4       0x22 ./Drivers/BSP/Components/lsm6dsl.o
                0x0000000008002af4                LSM6DSL_AccLowPower
 .text.LSM6DSL_GyroInit
                0x0000000008002b16       0x38 ./Drivers/BSP/Components/lsm6dsl.o
                0x0000000008002b16                LSM6DSL_GyroInit
 .text.LSM6DSL_GyroDeInit
                0x0000000008002b4e       0x1a ./Drivers/BSP/Components/lsm6dsl.o
                0x0000000008002b4e                LSM6DSL_GyroDeInit
 .text.LSM6DSL_GyroLowPower
                0x0000000008002b68       0x22 ./Drivers/BSP/Components/lsm6dsl.o
                0x0000000008002b68                LSM6DSL_GyroLowPower
 .text.LSM6DSL_AccReadID
                0x0000000008002b8a       0x12 ./Drivers/BSP/Components/lsm6dsl.o
                0x0000000008002b8a                LSM6DSL_AccReadID
 .text.LSM6DSL_GyroReadID
                0x0000000008002b9c        0x4 ./Drivers/BSP/Components/lsm6dsl.o
                0x0000000008002b9c                LSM6DSL_GyroReadID
 .text.LSM6DSL_AccReadXYZ
                0x0000000008002ba0       0x88 ./Drivers/BSP/Components/lsm6dsl.o
                0x0000000008002ba0                LSM6DSL_AccReadXYZ
 .text.LSM6DSL_GyroReadXYZAngRate
                0x0000000008002c28       0x8c ./Drivers/BSP/Components/lsm6dsl.o
                0x0000000008002c28                LSM6DSL_GyroReadXYZAngRate
 .text.SystemInit
                0x0000000008002cb4       0x48 ./Drivers/CMSIS/system_stm32l4xx.o
                0x0000000008002cb4                SystemInit
 .text.HAL_MspInit
                0x0000000008002cfc        0x2 ./Drivers/STM32L4xx_HAL_Driver/stm32l4xx_hal.o
                0x0000000008002cfc                HAL_MspInit
 *fill*         0x0000000008002cfe        0x2 
 .text.HAL_InitTick
                0x0000000008002d00       0x48 ./Drivers/STM32L4xx_HAL_Driver/stm32l4xx_hal.o
                0x0000000008002d00                HAL_InitTick
 .text.HAL_Init
                0x0000000008002d48       0x1e ./Drivers/STM32L4xx_HAL_Driver/stm32l4xx_hal.o
                0x0000000008002d48                HAL_Init
 *fill*         0x0000000008002d66        0x2 
 .text.HAL_IncTick
                0x0000000008002d68       0x18 ./Drivers/STM32L4xx_HAL_Driver/stm32l4xx_hal.o
                0x0000000008002d68                HAL_IncTick
 .text.HAL_GetTick
                0x0000000008002d80        0xc ./Drivers/STM32L4xx_HAL_Driver/stm32l4xx_hal.o
                0x0000000008002d80                HAL_GetTick
 .text.HAL_Delay
                0x0000000008002d8c       0x28 ./Drivers/STM32L4xx_HAL_Driver/stm32l4xx_hal.o
                0x0000000008002d8c                HAL_Delay
 .text.HAL_NVIC_SetPriorityGrouping
                0x0000000008002db4       0x24 ./Drivers/STM32L4xx_HAL_Driver/stm32l4xx_hal_cortex.o
                0x0000000008002db4                HAL_NVIC_SetPriorityGrouping
 .text.HAL_NVIC_SetPriority
                0x0000000008002dd8       0x64 ./Drivers/STM32L4xx_HAL_Driver/stm32l4xx_hal_cortex.o
                0x0000000008002dd8                HAL_NVIC_SetPriority
 .text.HAL_NVIC_EnableIRQ
                0x0000000008002e3c       0x1c ./Drivers/STM32L4xx_HAL_Driver/stm32l4xx_hal_cortex.o
                0x0000000008002e3c                HAL_NVIC_EnableIRQ
 .text.HAL_SYSTICK_Config
                0x0000000008002e58       0x28 ./Drivers/STM32L4xx_HAL_Driver/stm32l4xx_hal_cortex.o
                0x0000000008002e58                HAL_SYSTICK_Config
 .text.HAL_DMA_Abort_IT
                0x0000000008002e80       0x4c ./Drivers/STM32L4xx_HAL_Driver/stm32l4xx_hal_dma.o
                0x0000000008002e80                HAL_DMA_Abort_IT
 .text.HAL_GPIO_Init
                0x0000000008002ecc      0x1bc ./Drivers/STM32L4xx_HAL_Driver/stm32l4xx_hal_gpio.o
                0x0000000008002ecc                HAL_GPIO_Init
 .text.HAL_GPIO_ReadPin
                0x0000000008003088        0xc ./Drivers/STM32L4xx_HAL_Driver/stm32l4xx_hal_gpio.o
                0x0000000008003088                HAL_GPIO_ReadPin
 .text.HAL_GPIO_WritePin
                0x0000000008003094        0xa ./Drivers/STM32L4xx_HAL_Driver/stm32l4xx_hal_gpio.o
                0x0000000008003094                HAL_GPIO_WritePin
 *fill*         0x000000000800309e        0x2 
 .text.HAL_GPIO_EXTI_IRQHandler
                0x00000000080030a0       0x18 ./Drivers/STM32L4xx_HAL_Driver/stm32l4xx_hal_gpio.o
                0x00000000080030a0                HAL_GPIO_EXTI_IRQHandler
 .text.I2C_Flush_TXDR
                0x00000000080030b8       0x1c ./Drivers/STM32L4xx_HAL_Driver/stm32l4xx_hal_i2c.o
 .text.I2C_TransferConfig
                0x00000000080030d4       0x2c ./Drivers/STM32L4xx_HAL_Driver/stm32l4xx_hal_i2c.o
 .text.I2C_IsErrorOccurred
                0x0000000008003100      0x116 ./Drivers/STM32L4xx_HAL_Driver/stm32l4xx_hal_i2c.o
 .text.I2C_WaitOnTXISFlagUntilTimeout
                0x0000000008003216       0x4e ./Drivers/STM32L4xx_HAL_Driver/stm32l4xx_hal_i2c.o
 .text.I2C_WaitOnFlagUntilTimeout
                0x0000000008003264       0x54 ./Drivers/STM32L4xx_HAL_Driver/stm32l4xx_hal_i2c.o
 .text.I2C_WaitOnSTOPFlagUntilTimeout
                0x00000000080032b8       0x4a ./Drivers/STM32L4xx_HAL_Driver/stm32l4xx_hal_i2c.o
 .text.HAL_I2C_MspInit
                0x0000000008003302        0x2 ./Drivers/STM32L4xx_HAL_Driver/stm32l4xx_hal_i2c.o
                0x0000000008003302                HAL_I2C_MspInit
 .text.HAL_I2C_Init
                0x0000000008003304       0xa2 ./Drivers/STM32L4xx_HAL_Driver/stm32l4xx_hal_i2c.o
                0x0000000008003304                HAL_I2C_Init
 .text.HAL_I2C_MspDeInit
                0x00000000080033a6        0x2 ./Drivers/STM32L4xx_HAL_Driver/stm32l4xx_hal_i2c.o
                0x00000000080033a6                HAL_I2C_MspDeInit
 .text.HAL_I2C_DeInit
                0x00000000080033a8       0x32 ./Drivers/STM32L4xx_HAL_Driver/stm32l4xx_hal_i2c.o
                0x00000000080033a8                HAL_I2C_DeInit
 *fill*         0x00000000080033da        0x2 
 .text.HAL_I2C_Mem_Write
                0x00000000080033dc      0x1b4 ./Drivers/STM32L4xx_HAL_Driver/stm32l4xx_hal_i2c.o
                0x00000000080033dc                HAL_I2C_Mem_Write
 .text.HAL_I2C_Mem_Read
                0x0000000008003590      0x1bc ./Drivers/STM32L4xx_HAL_Driver/stm32l4xx_hal_i2c.o
                0x0000000008003590                HAL_I2C_Mem_Read
 .text.HAL_I2CEx_ConfigAnalogFilter
                0x000000000800374c       0x4c ./Drivers/STM32L4xx_HAL_Driver/stm32l4xx_hal_i2c_ex.o
                0x000000000800374c                HAL_I2CEx_ConfigAnalogFilter
 .text.HAL_PWREx_GetVoltageRange
                0x0000000008003798       0x10 ./Drivers/STM32L4xx_HAL_Driver/stm32l4xx_hal_pwr_ex.o
                0x0000000008003798                HAL_PWREx_GetVoltageRange
 .text.RCC_SetFlashLatencyFromMSIRange
                0x00000000080037a8       0x84 ./Drivers/STM32L4xx_HAL_Driver/stm32l4xx_hal_rcc.o
 .text.HAL_RCC_GetSysClockFreq
                0x000000000800382c       0x9c ./Drivers/STM32L4xx_HAL_Driver/stm32l4xx_hal_rcc.o
                0x000000000800382c                HAL_RCC_GetSysClockFreq
 .text.HAL_RCC_OscConfig
                0x00000000080038c8      0x500 ./Drivers/STM32L4xx_HAL_Driver/stm32l4xx_hal_rcc.o
                0x00000000080038c8                HAL_RCC_OscConfig
 .text.HAL_RCC_ClockConfig
                0x0000000008003dc8      0x154 ./Drivers/STM32L4xx_HAL_Driver/stm32l4xx_hal_rcc.o
                0x0000000008003dc8                HAL_RCC_ClockConfig
 .text.HAL_RCC_GetPCLK1Freq
                0x0000000008003f1c       0x24 ./Drivers/STM32L4xx_HAL_Driver/stm32l4xx_hal_rcc.o
                0x0000000008003f1c                HAL_RCC_GetPCLK1Freq
 .text.HAL_RCC_GetPCLK2Freq
                0x0000000008003f40       0x24 ./Drivers/STM32L4xx_HAL_Driver/stm32l4xx_hal_rcc.o
                0x0000000008003f40                HAL_RCC_GetPCLK2Freq
 .text.SPI_WaitFlagStateUntilTimeout
                0x0000000008003f64       0xb8 ./Drivers/STM32L4xx_HAL_Driver/stm32l4xx_hal_spi.o
 .text.SPI_WaitFifoStateUntilTimeout
                0x000000000800401c       0xd8 ./Drivers/STM32L4xx_HAL_Driver/stm32l4xx_hal_spi.o
 .text.SPI_EndRxTransaction
                0x00000000080040f4       0x76 ./Drivers/STM32L4xx_HAL_Driver/stm32l4xx_hal_spi.o
 .text.SPI_EndRxTxTransaction
                0x000000000800416a       0x52 ./Drivers/STM32L4xx_HAL_Driver/stm32l4xx_hal_spi.o
 .text.HAL_SPI_MspInit
                0x00000000080041bc        0x2 ./Drivers/STM32L4xx_HAL_Driver/stm32l4xx_hal_spi.o
                0x00000000080041bc                HAL_SPI_MspInit
 .text.HAL_SPI_Init
                0x00000000080041be      0x108 ./Drivers/STM32L4xx_HAL_Driver/stm32l4xx_hal_spi.o
                0x00000000080041be                HAL_SPI_Init
 .text.HAL_SPI_MspDeInit
                0x00000000080042c6        0x2 ./Drivers/STM32L4xx_HAL_Driver/stm32l4xx_hal_spi.o
                0x00000000080042c6                HAL_SPI_MspDeInit
 .text.HAL_SPI_DeInit
                0x00000000080042c8       0x2c ./Drivers/STM32L4xx_HAL_Driver/stm32l4xx_hal_spi.o
                0x00000000080042c8                HAL_SPI_DeInit
 .text.HAL_SPI_TransmitReceive
                0x00000000080042f4      0x38c ./Drivers/STM32L4xx_HAL_Driver/stm32l4xx_hal_spi.o
                0x00000000080042f4                HAL_SPI_TransmitReceive
 .text.HAL_SPI_Receive
                0x0000000008004680      0x248 ./Drivers/STM32L4xx_HAL_Driver/stm32l4xx_hal_spi.o
                0x0000000008004680                HAL_SPI_Receive
 .text.HAL_SPI_Transmit_IT
                0x00000000080048c8       0xb4 ./Drivers/STM32L4xx_HAL_Driver/stm32l4xx_hal_spi.o
                0x00000000080048c8                HAL_SPI_Transmit_IT
 .text.HAL_SPI_TransmitReceive_IT
                0x000000000800497c      0x100 ./Drivers/STM32L4xx_HAL_Driver/stm32l4xx_hal_spi.o
                0x000000000800497c                HAL_SPI_TransmitReceive_IT
 .text.HAL_SPI_Receive_IT
                0x0000000008004a7c       0xfc ./Drivers/STM32L4xx_HAL_Driver/stm32l4xx_hal_spi.o
                0x0000000008004a7c                HAL_SPI_Receive_IT
 .text.HAL_SPI_TxRxCpltCallback
                0x0000000008004b78        0x2 ./Drivers/STM32L4xx_HAL_Driver/stm32l4xx_hal_spi.o
                0x0000000008004b78                HAL_SPI_TxRxCpltCallback
 .text.HAL_SPI_ErrorCallback
                0x0000000008004b7a        0x2 ./Drivers/STM32L4xx_HAL_Driver/stm32l4xx_hal_spi.o
                0x0000000008004b7a                HAL_SPI_ErrorCallback
 .text.SPI_CloseTx_ISR
                0x0000000008004b7c       0x52 ./Drivers/STM32L4xx_HAL_Driver/stm32l4xx_hal_spi.o
 .text.SPI_TxISR_8BIT
                0x0000000008004bce       0x34 ./Drivers/STM32L4xx_HAL_Driver/stm32l4xx_hal_spi.o
 .text.SPI_TxISR_16BIT
                0x0000000008004c02       0x30 ./Drivers/STM32L4xx_HAL_Driver/stm32l4xx_hal_spi.o
 .text.SPI_CloseRx_ISR
                0x0000000008004c32       0x58 ./Drivers/STM32L4xx_HAL_Driver/stm32l4xx_hal_spi.o
 *fill*         0x0000000008004c8a        0x2 
 .text.SPI_RxISR_8BIT
                0x0000000008004c8c       0x58 ./Drivers/STM32L4xx_HAL_Driver/stm32l4xx_hal_spi.o
 .text.SPI_RxISR_8BITCRC
                0x0000000008004ce4       0x28 ./Drivers/STM32L4xx_HAL_Driver/stm32l4xx_hal_spi.o
 .text.SPI_RxISR_16BIT
                0x0000000008004d0c       0x54 ./Drivers/STM32L4xx_HAL_Driver/stm32l4xx_hal_spi.o
 .text.SPI_RxISR_16BITCRC
                0x0000000008004d60       0x1c ./Drivers/STM32L4xx_HAL_Driver/stm32l4xx_hal_spi.o
 .text.SPI_CloseRxTx_ISR
                0x0000000008004d7c       0x72 ./Drivers/STM32L4xx_HAL_Driver/stm32l4xx_hal_spi.o
 .text.SPI_2linesTxISR_8BIT
                0x0000000008004dee       0x64 ./Drivers/STM32L4xx_HAL_Driver/stm32l4xx_hal_spi.o
 *fill*         0x0000000008004e52        0x2 
 .text.SPI_2linesRxISR_8BIT
                0x0000000008004e54       0x84 ./Drivers/STM32L4xx_HAL_Driver/stm32l4xx_hal_spi.o
 .text.SPI_2linesRxISR_8BITCRC
                0x0000000008004ed8       0x36 ./Drivers/STM32L4xx_HAL_Driver/stm32l4xx_hal_spi.o
 .text.SPI_2linesTxISR_16BIT
                0x0000000008004f0e       0x54 ./Drivers/STM32L4xx_HAL_Driver/stm32l4xx_hal_spi.o
 *fill*         0x0000000008004f62        0x2 
 .text.SPI_2linesRxISR_16BIT
                0x0000000008004f64       0x50 ./Drivers/STM32L4xx_HAL_Driver/stm32l4xx_hal_spi.o
 .text.SPI_2linesRxISR_16BITCRC
                0x0000000008004fb4       0x1c ./Drivers/STM32L4xx_HAL_Driver/stm32l4xx_hal_spi.o
 .text.HAL_SPI_IRQHandler
                0x0000000008004fd0      0x10c ./Drivers/STM32L4xx_HAL_Driver/stm32l4xx_hal_spi.o
                0x0000000008004fd0                HAL_SPI_IRQHandler
 .text.SPI_DMAAbortOnError
                0x00000000080050dc       0x12 ./Drivers/STM32L4xx_HAL_Driver/stm32l4xx_hal_spi.o
 .text.HAL_UART_MspInit
                0x00000000080050ee        0x2 ./Drivers/STM32L4xx_HAL_Driver/stm32l4xx_hal_uart.o
                0x00000000080050ee                HAL_UART_MspInit
 .text.UART_SetConfig
                0x00000000080050f0      0x28c ./Drivers/STM32L4xx_HAL_Driver/stm32l4xx_hal_uart.o
                0x00000000080050f0                UART_SetConfig
 .text.UART_AdvFeatureConfig
                0x000000000800537c       0xa8 ./Drivers/STM32L4xx_HAL_Driver/stm32l4xx_hal_uart.o
                0x000000000800537c                UART_AdvFeatureConfig
 .text.UART_WaitOnFlagUntilTimeout
                0x0000000008005424       0xbc ./Drivers/STM32L4xx_HAL_Driver/stm32l4xx_hal_uart.o
                0x0000000008005424                UART_WaitOnFlagUntilTimeout
 .text.HAL_UART_Transmit
                0x00000000080054e0       0xb4 ./Drivers/STM32L4xx_HAL_Driver/stm32l4xx_hal_uart.o
                0x00000000080054e0                HAL_UART_Transmit
 .text.UART_CheckIdleState
                0x0000000008005594       0x66 ./Drivers/STM32L4xx_HAL_Driver/stm32l4xx_hal_uart.o
                0x0000000008005594                UART_CheckIdleState
 .text.HAL_UART_Init
                0x00000000080055fa       0x5c ./Drivers/STM32L4xx_HAL_Driver/stm32l4xx_hal_uart.o
                0x00000000080055fa                HAL_UART_Init
 *fill*         0x0000000008005656        0x2 
 .text.Reset_Handler
                0x0000000008005658       0x50 ./SW4STM32/startup_stm32l475xx.o
                0x0000000008005658                Reset_Handler
 .text.Default_Handler
                0x00000000080056a8        0x2 ./SW4STM32/startup_stm32l475xx.o
                0x00000000080056a8                RTC_Alarm_IRQHandler
                0x00000000080056a8                EXTI2_IRQHandler
                0x00000000080056a8                TIM8_TRG_COM_IRQHandler
                0x00000000080056a8                TIM8_CC_IRQHandler
                0x00000000080056a8                TIM1_CC_IRQHandler
                0x00000000080056a8                TSC_IRQHandler
                0x00000000080056a8                TAMP_STAMP_IRQHandler
                0x00000000080056a8                EXTI3_IRQHandler
                0x00000000080056a8                LPTIM2_IRQHandler
                0x00000000080056a8                DFSDM1_FLT1_IRQHandler
                0x00000000080056a8                I2C3_ER_IRQHandler
                0x00000000080056a8                DFSDM1_FLT2_IRQHandler
                0x00000000080056a8                EXTI0_IRQHandler
                0x00000000080056a8                I2C2_EV_IRQHandler
                0x00000000080056a8                CAN1_RX0_IRQHandler
                0x00000000080056a8                FPU_IRQHandler
                0x00000000080056a8                TIM1_UP_TIM16_IRQHandler
                0x00000000080056a8                ADC1_2_IRQHandler
                0x00000000080056a8                SPI1_IRQHandler
                0x00000000080056a8                TIM6_DAC_IRQHandler
                0x00000000080056a8                TIM8_UP_IRQHandler
                0x00000000080056a8                DMA2_Channel2_IRQHandler
                0x00000000080056a8                DMA1_Channel4_IRQHandler
                0x00000000080056a8                SAI2_IRQHandler
                0x00000000080056a8                DFSDM1_FLT3_IRQHandler
                0x00000000080056a8                USART3_IRQHandler
                0x00000000080056a8                DMA1_Channel7_IRQHandler
                0x00000000080056a8                CAN1_RX1_IRQHandler
                0x00000000080056a8                UART5_IRQHandler
                0x00000000080056a8                ADC3_IRQHandler
                0x00000000080056a8                TIM4_IRQHandler
                0x00000000080056a8                DMA2_Channel1_IRQHandler
                0x00000000080056a8                QUADSPI_IRQHandler
                0x00000000080056a8                I2C1_EV_IRQHandler
                0x00000000080056a8                DMA1_Channel6_IRQHandler
                0x00000000080056a8                UART4_IRQHandler
                0x00000000080056a8                DMA2_Channel4_IRQHandler
                0x00000000080056a8                TIM3_IRQHandler
                0x00000000080056a8                RCC_IRQHandler
                0x00000000080056a8                DMA1_Channel1_IRQHandler
                0x00000000080056a8                Default_Handler
                0x00000000080056a8                DMA2_Channel7_IRQHandler
                0x00000000080056a8                EXTI15_10_IRQHandler
                0x00000000080056a8                TIM7_IRQHandler
                0x00000000080056a8                SDMMC1_IRQHandler
                0x00000000080056a8                TIM5_IRQHandler
                0x00000000080056a8                I2C3_EV_IRQHandler
                0x00000000080056a8                EXTI9_5_IRQHandler
                0x00000000080056a8                RTC_WKUP_IRQHandler
                0x00000000080056a8                PVD_PVM_IRQHandler
                0x00000000080056a8                SPI2_IRQHandler
                0x00000000080056a8                CAN1_TX_IRQHandler
                0x00000000080056a8                DMA2_Channel5_IRQHandler
                0x00000000080056a8                DMA1_Channel5_IRQHandler
                0x00000000080056a8                EXTI4_IRQHandler
                0x00000000080056a8                RNG_IRQHandler
                0x00000000080056a8                TIM1_TRG_COM_TIM17_IRQHandler
                0x00000000080056a8                DMA1_Channel3_IRQHandler
                0x00000000080056a8                COMP_IRQHandler
                0x00000000080056a8                WWDG_IRQHandler
                0x00000000080056a8                LPUART1_IRQHandler
                0x00000000080056a8                DMA2_Channel6_IRQHandler
                0x00000000080056a8                TIM2_IRQHandler
                0x00000000080056a8                USART2_IRQHandler
                0x00000000080056a8                DFSDM1_FLT0_IRQHandler
                0x00000000080056a8                I2C2_ER_IRQHandler
                0x00000000080056a8                DMA1_Channel2_IRQHandler
                0x00000000080056a8                TIM8_BRK_IRQHandler
                0x00000000080056a8                CAN1_SCE_IRQHandler
                0x00000000080056a8                FLASH_IRQHandler
                0x00000000080056a8                USART1_IRQHandler
                0x00000000080056a8                OTG_FS_IRQHandler
                0x00000000080056a8                I2C1_ER_IRQHandler
                0x00000000080056a8                FMC_IRQHandler
                0x00000000080056a8                SWPMI1_IRQHandler
                0x00000000080056a8                LPTIM1_IRQHandler
                0x00000000080056a8                SAI1_IRQHandler
                0x00000000080056a8                DMA2_Channel3_IRQHandler
                0x00000000080056a8                TIM1_BRK_TIM15_IRQHandler
 .text._getpid  0x00000000080056aa        0x4 ./SW4STM32/syscalls.o
                0x00000000080056aa                _getpid
 .text._kill    0x00000000080056ae       0x10 ./SW4STM32/syscalls.o
                0x00000000080056ae                _kill
 .text._exit    0x00000000080056be        0xc ./SW4STM32/syscalls.o
                0x00000000080056be                _exit
 .text._read    0x00000000080056ca        0xe ./SW4STM32/syscalls.o
                0x00000000080056ca                _read
 .text._write   0x00000000080056d8       0x1c ./SW4STM32/syscalls.o
                0x00000000080056d8                _write
 .text._sbrk    0x00000000080056f4       0x34 ./SW4STM32/syscalls.o
                0x00000000080056f4                _sbrk
 .text._close   0x0000000008005728        0x6 ./SW4STM32/syscalls.o
                0x0000000008005728                _close
 .text._fstat   0x000000000800572e        0xa ./SW4STM32/syscalls.o
                0x000000000800572e                _fstat
 .text._isatty  0x0000000008005738        0x4 ./SW4STM32/syscalls.o
                0x0000000008005738                _isatty
 .text._lseek   0x000000000800573c        0x4 ./SW4STM32/syscalls.o
                0x000000000800573c                _lseek
 .text.__errno  0x0000000008005740        0xc c:/st/stm32cubeide_1.12.0/stm32cubeide/plugins/com.st.stm32cube.ide.mcu.externaltools.gnu-tools-for-stm32.10.3-2021.10.win32_1.0.200.202301161003/tools/bin/../lib/gcc/arm-none-eabi/10.3.1/../../../../arm-none-eabi/lib/thumb/v7e-m+fp/hard\libc_nano.a(lib_a-errno.o)
                0x0000000008005740                __errno
 .text.__libc_init_array
                0x000000000800574c       0x48 c:/st/stm32cubeide_1.12.0/stm32cubeide/plugins/com.st.stm32cube.ide.mcu.externaltools.gnu-tools-for-stm32.10.3-2021.10.win32_1.0.200.202301161003/tools/bin/../lib/gcc/arm-none-eabi/10.3.1/../../../../arm-none-eabi/lib/thumb/v7e-m+fp/hard\libc_nano.a(lib_a-init.o)
                0x000000000800574c                __libc_init_array
 .text.memcpy   0x0000000008005794       0x1c c:/st/stm32cubeide_1.12.0/stm32cubeide/plugins/com.st.stm32cube.ide.mcu.externaltools.gnu-tools-for-stm32.10.3-2021.10.win32_1.0.200.202301161003/tools/bin/../lib/gcc/arm-none-eabi/10.3.1/../../../../arm-none-eabi/lib/thumb/v7e-m+fp/hard\libc_nano.a(lib_a-memcpy-stub.o)
                0x0000000008005794                memcpy
 .text.memset   0x00000000080057b0       0x10 c:/st/stm32cubeide_1.12.0/stm32cubeide/plugins/com.st.stm32cube.ide.mcu.externaltools.gnu-tools-for-stm32.10.3-2021.10.win32_1.0.200.202301161003/tools/bin/../lib/gcc/arm-none-eabi/10.3.1/../../../../arm-none-eabi/lib/thumb/v7e-m+fp/hard\libc_nano.a(lib_a-memset.o)
                0x00000000080057b0                memset
 .text.__cvt    0x00000000080057c0       0xc4 c:/st/stm32cubeide_1.12.0/stm32cubeide/plugins/com.st.stm32cube.ide.mcu.externaltools.gnu-tools-for-stm32.10.3-2021.10.win32_1.0.200.202301161003/tools/bin/../lib/gcc/arm-none-eabi/10.3.1/../../../../arm-none-eabi/lib/thumb/v7e-m+fp/hard\libc_nano.a(lib_a-nano-vfprintf_float.o)
                0x00000000080057c0                __cvt
 .text.__exponent
                0x0000000008005884       0x7c c:/st/stm32cubeide_1.12.0/stm32cubeide/plugins/com.st.stm32cube.ide.mcu.externaltools.gnu-tools-for-stm32.10.3-2021.10.win32_1.0.200.202301161003/tools/bin/../lib/gcc/arm-none-eabi/10.3.1/../../../../arm-none-eabi/lib/thumb/v7e-m+fp/hard\libc_nano.a(lib_a-nano-vfprintf_float.o)
                0x0000000008005884                __exponent
 .text._printf_float
                0x0000000008005900      0x46c c:/st/stm32cubeide_1.12.0/stm32cubeide/plugins/com.st.stm32cube.ide.mcu.externaltools.gnu-tools-for-stm32.10.3-2021.10.win32_1.0.200.202301161003/tools/bin/../lib/gcc/arm-none-eabi/10.3.1/../../../../arm-none-eabi/lib/thumb/v7e-m+fp/hard\libc_nano.a(lib_a-nano-vfprintf_float.o)
                0x0000000008005900                _printf_float
 .text._printf_common
                0x0000000008005d6c       0xda c:/st/stm32cubeide_1.12.0/stm32cubeide/plugins/com.st.stm32cube.ide.mcu.externaltools.gnu-tools-for-stm32.10.3-2021.10.win32_1.0.200.202301161003/tools/bin/../lib/gcc/arm-none-eabi/10.3.1/../../../../arm-none-eabi/lib/thumb/v7e-m+fp/hard\libc_nano.a(lib_a-nano-vfprintf_i.o)
                0x0000000008005d6c                _printf_common
 *fill*         0x0000000008005e46        0x2 
 .text._printf_i
                0x0000000008005e48      0x24c c:/st/stm32cubeide_1.12.0/stm32cubeide/plugins/com.st.stm32cube.ide.mcu.externaltools.gnu-tools-for-stm32.10.3-2021.10.win32_1.0.200.202301161003/tools/bin/../lib/gcc/arm-none-eabi/10.3.1/../../../../arm-none-eabi/lib/thumb/v7e-m+fp/hard\libc_nano.a(lib_a-nano-vfprintf_i.o)
                0x0000000008005e48                _printf_i
 .text.printf   0x0000000008006094       0x30 c:/st/stm32cubeide_1.12.0/stm32cubeide/plugins/com.st.stm32cube.ide.mcu.externaltools.gnu-tools-for-stm32.10.3-2021.10.win32_1.0.200.202301161003/tools/bin/../lib/gcc/arm-none-eabi/10.3.1/../../../../arm-none-eabi/lib/thumb/v7e-m+fp/hard\libc_nano.a(lib_a-printf.o)
                0x0000000008006094                iprintf
                0x0000000008006094                printf
 .text._puts_r  0x00000000080060c4       0xdc c:/st/stm32cubeide_1.12.0/stm32cubeide/plugins/com.st.stm32cube.ide.mcu.externaltools.gnu-tools-for-stm32.10.3-2021.10.win32_1.0.200.202301161003/tools/bin/../lib/gcc/arm-none-eabi/10.3.1/../../../../arm-none-eabi/lib/thumb/v7e-m+fp/hard\libc_nano.a(lib_a-puts.o)
                0x00000000080060c4                _puts_r
 .text.puts     0x00000000080061a0       0x10 c:/st/stm32cubeide_1.12.0/stm32cubeide/plugins/com.st.stm32cube.ide.mcu.externaltools.gnu-tools-for-stm32.10.3-2021.10.win32_1.0.200.202301161003/tools/bin/../lib/gcc/arm-none-eabi/10.3.1/../../../../arm-none-eabi/lib/thumb/v7e-m+fp/hard\libc_nano.a(lib_a-puts.o)
                0x00000000080061a0                puts
 .text.sprintf  0x00000000080061b0       0x40 c:/st/stm32cubeide_1.12.0/stm32cubeide/plugins/com.st.stm32cube.ide.mcu.externaltools.gnu-tools-for-stm32.10.3-2021.10.win32_1.0.200.202301161003/tools/bin/../lib/gcc/arm-none-eabi/10.3.1/../../../../arm-none-eabi/lib/thumb/v7e-m+fp/hard\libc_nano.a(lib_a-sprintf.o)
                0x00000000080061b0                siprintf
                0x00000000080061b0                sprintf
 .text.strcpy   0x00000000080061f0       0x10 c:/st/stm32cubeide_1.12.0/stm32cubeide/plugins/com.st.stm32cube.ide.mcu.externaltools.gnu-tools-for-stm32.10.3-2021.10.win32_1.0.200.202301161003/tools/bin/../lib/gcc/arm-none-eabi/10.3.1/../../../../arm-none-eabi/lib/thumb/v7e-m+fp/hard\libc_nano.a(lib_a-strcpy.o)
                0x00000000080061f0                strcpy
 .text.strncpy  0x0000000008006200       0x26 c:/st/stm32cubeide_1.12.0/stm32cubeide/plugins/com.st.stm32cube.ide.mcu.externaltools.gnu-tools-for-stm32.10.3-2021.10.win32_1.0.200.202301161003/tools/bin/../lib/gcc/arm-none-eabi/10.3.1/../../../../arm-none-eabi/lib/thumb/v7e-m+fp/hard\libc_nano.a(lib_a-strncpy.o)
                0x0000000008006200                strncpy
 .text.strstr   0x0000000008006226       0x2c c:/st/stm32cubeide_1.12.0/stm32cubeide/plugins/com.st.stm32cube.ide.mcu.externaltools.gnu-tools-for-stm32.10.3-2021.10.win32_1.0.200.202301161003/tools/bin/../lib/gcc/arm-none-eabi/10.3.1/../../../../arm-none-eabi/lib/thumb/v7e-m+fp/hard\libc_nano.a(lib_a-strstr.o)
                0x0000000008006226                strstr
 *fill*         0x0000000008006252        0x2 
 .text.strtok   0x0000000008006254       0x68 c:/st/stm32cubeide_1.12.0/stm32cubeide/plugins/com.st.stm32cube.ide.mcu.externaltools.gnu-tools-for-stm32.10.3-2021.10.win32_1.0.200.202301161003/tools/bin/../lib/gcc/arm-none-eabi/10.3.1/../../../../arm-none-eabi/lib/thumb/v7e-m+fp/hard\libc_nano.a(lib_a-strtok.o)
                0x0000000008006254                strtok
 .text.__strtok_r
                0x00000000080062bc       0x50 c:/st/stm32cubeide_1.12.0/stm32cubeide/plugins/com.st.stm32cube.ide.mcu.externaltools.gnu-tools-for-stm32.10.3-2021.10.win32_1.0.200.202301161003/tools/bin/../lib/gcc/arm-none-eabi/10.3.1/../../../../arm-none-eabi/lib/thumb/v7e-m+fp/hard\libc_nano.a(lib_a-strtok_r.o)
                0x00000000080062bc                __strtok_r
 .text.__swbuf_r
                0x000000000800630c       0xa4 c:/st/stm32cubeide_1.12.0/stm32cubeide/plugins/com.st.stm32cube.ide.mcu.externaltools.gnu-tools-for-stm32.10.3-2021.10.win32_1.0.200.202301161003/tools/bin/../lib/gcc/arm-none-eabi/10.3.1/../../../../arm-none-eabi/lib/thumb/v7e-m+fp/hard\libc_nano.a(lib_a-wbuf.o)
                0x000000000800630c                __swbuf_r
 .text.__swsetup_r
                0x00000000080063b0       0xdc c:/st/stm32cubeide_1.12.0/stm32cubeide/plugins/com.st.stm32cube.ide.mcu.externaltools.gnu-tools-for-stm32.10.3-2021.10.win32_1.0.200.202301161003/tools/bin/../lib/gcc/arm-none-eabi/10.3.1/../../../../arm-none-eabi/lib/thumb/v7e-m+fp/hard\libc_nano.a(lib_a-wsetup.o)
                0x00000000080063b0                __swsetup_r
 .text.__assert_func
                0x000000000800648c       0x3c c:/st/stm32cubeide_1.12.0/stm32cubeide/plugins/com.st.stm32cube.ide.mcu.externaltools.gnu-tools-for-stm32.10.3-2021.10.win32_1.0.200.202301161003/tools/bin/../lib/gcc/arm-none-eabi/10.3.1/../../../../arm-none-eabi/lib/thumb/v7e-m+fp/hard\libc_nano.a(lib_a-assert.o)
                0x000000000800648c                __assert_func
 .text.quorem   0x00000000080064c8      0x116 c:/st/stm32cubeide_1.12.0/stm32cubeide/plugins/com.st.stm32cube.ide.mcu.externaltools.gnu-tools-for-stm32.10.3-2021.10.win32_1.0.200.202301161003/tools/bin/../lib/gcc/arm-none-eabi/10.3.1/../../../../arm-none-eabi/lib/thumb/v7e-m+fp/hard\libc_nano.a(lib_a-dtoa.o)
 *fill*         0x00000000080065de        0x2 
 .text._dtoa_r  0x00000000080065e0      0xbdc c:/st/stm32cubeide_1.12.0/stm32cubeide/plugins/com.st.stm32cube.ide.mcu.externaltools.gnu-tools-for-stm32.10.3-2021.10.win32_1.0.200.202301161003/tools/bin/../lib/gcc/arm-none-eabi/10.3.1/../../../../arm-none-eabi/lib/thumb/v7e-m+fp/hard\libc_nano.a(lib_a-dtoa.o)
                0x00000000080065e0                _dtoa_r
 .text.__sflush_r
                0x00000000080071bc      0x10c c:/st/stm32cubeide_1.12.0/stm32cubeide/plugins/com.st.stm32cube.ide.mcu.externaltools.gnu-tools-for-stm32.10.3-2021.10.win32_1.0.200.202301161003/tools/bin/../lib/gcc/arm-none-eabi/10.3.1/../../../../arm-none-eabi/lib/thumb/v7e-m+fp/hard\libc_nano.a(lib_a-fflush.o)
                0x00000000080071bc                __sflush_r
 .text._fflush_r
                0x00000000080072c8       0x78 c:/st/stm32cubeide_1.12.0/stm32cubeide/plugins/com.st.stm32cube.ide.mcu.externaltools.gnu-tools-for-stm32.10.3-2021.10.win32_1.0.200.202301161003/tools/bin/../lib/gcc/arm-none-eabi/10.3.1/../../../../arm-none-eabi/lib/thumb/v7e-m+fp/hard\libc_nano.a(lib_a-fflush.o)
                0x00000000080072c8                _fflush_r
 .text.std      0x0000000008007340       0x48 c:/st/stm32cubeide_1.12.0/stm32cubeide/plugins/com.st.stm32cube.ide.mcu.externaltools.gnu-tools-for-stm32.10.3-2021.10.win32_1.0.200.202301161003/tools/bin/../lib/gcc/arm-none-eabi/10.3.1/../../../../arm-none-eabi/lib/thumb/v7e-m+fp/hard\libc_nano.a(lib_a-findfp.o)
 .text._cleanup_r
                0x0000000008007388        0xc c:/st/stm32cubeide_1.12.0/stm32cubeide/plugins/com.st.stm32cube.ide.mcu.externaltools.gnu-tools-for-stm32.10.3-2021.10.win32_1.0.200.202301161003/tools/bin/../lib/gcc/arm-none-eabi/10.3.1/../../../../arm-none-eabi/lib/thumb/v7e-m+fp/hard\libc_nano.a(lib_a-findfp.o)
                0x0000000008007388                _cleanup_r
 .text.__sfmoreglue
                0x0000000008007394       0x2c c:/st/stm32cubeide_1.12.0/stm32cubeide/plugins/com.st.stm32cube.ide.mcu.externaltools.gnu-tools-for-stm32.10.3-2021.10.win32_1.0.200.202301161003/tools/bin/../lib/gcc/arm-none-eabi/10.3.1/../../../../arm-none-eabi/lib/thumb/v7e-m+fp/hard\libc_nano.a(lib_a-findfp.o)
                0x0000000008007394                __sfmoreglue
 .text.__sfp_lock_acquire
                0x00000000080073c0        0xc c:/st/stm32cubeide_1.12.0/stm32cubeide/plugins/com.st.stm32cube.ide.mcu.externaltools.gnu-tools-for-stm32.10.3-2021.10.win32_1.0.200.202301161003/tools/bin/../lib/gcc/arm-none-eabi/10.3.1/../../../../arm-none-eabi/lib/thumb/v7e-m+fp/hard\libc_nano.a(lib_a-findfp.o)
                0x00000000080073c0                __sfp_lock_acquire
 .text.__sfp_lock_release
                0x00000000080073cc        0xc c:/st/stm32cubeide_1.12.0/stm32cubeide/plugins/com.st.stm32cube.ide.mcu.externaltools.gnu-tools-for-stm32.10.3-2021.10.win32_1.0.200.202301161003/tools/bin/../lib/gcc/arm-none-eabi/10.3.1/../../../../arm-none-eabi/lib/thumb/v7e-m+fp/hard\libc_nano.a(lib_a-findfp.o)
                0x00000000080073cc                __sfp_lock_release
 .text.__sinit_lock_acquire
                0x00000000080073d8        0xc c:/st/stm32cubeide_1.12.0/stm32cubeide/plugins/com.st.stm32cube.ide.mcu.externaltools.gnu-tools-for-stm32.10.3-2021.10.win32_1.0.200.202301161003/tools/bin/../lib/gcc/arm-none-eabi/10.3.1/../../../../arm-none-eabi/lib/thumb/v7e-m+fp/hard\libc_nano.a(lib_a-findfp.o)
                0x00000000080073d8                __sinit_lock_acquire
 .text.__sinit_lock_release
                0x00000000080073e4        0xc c:/st/stm32cubeide_1.12.0/stm32cubeide/plugins/com.st.stm32cube.ide.mcu.externaltools.gnu-tools-for-stm32.10.3-2021.10.win32_1.0.200.202301161003/tools/bin/../lib/gcc/arm-none-eabi/10.3.1/../../../../arm-none-eabi/lib/thumb/v7e-m+fp/hard\libc_nano.a(lib_a-findfp.o)
                0x00000000080073e4                __sinit_lock_release
 .text.__sinit  0x00000000080073f0       0x70 c:/st/stm32cubeide_1.12.0/stm32cubeide/plugins/com.st.stm32cube.ide.mcu.externaltools.gnu-tools-for-stm32.10.3-2021.10.win32_1.0.200.202301161003/tools/bin/../lib/gcc/arm-none-eabi/10.3.1/../../../../arm-none-eabi/lib/thumb/v7e-m+fp/hard\libc_nano.a(lib_a-findfp.o)
                0x00000000080073f0                __sinit
 .text.__sfp    0x0000000008007460       0x8c c:/st/stm32cubeide_1.12.0/stm32cubeide/plugins/com.st.stm32cube.ide.mcu.externaltools.gnu-tools-for-stm32.10.3-2021.10.win32_1.0.200.202301161003/tools/bin/../lib/gcc/arm-none-eabi/10.3.1/../../../../arm-none-eabi/lib/thumb/v7e-m+fp/hard\libc_nano.a(lib_a-findfp.o)
                0x0000000008007460                __sfp
 .text.fprintf  0x00000000080074ec       0x24 c:/st/stm32cubeide_1.12.0/stm32cubeide/plugins/com.st.stm32cube.ide.mcu.externaltools.gnu-tools-for-stm32.10.3-2021.10.win32_1.0.200.202301161003/tools/bin/../lib/gcc/arm-none-eabi/10.3.1/../../../../arm-none-eabi/lib/thumb/v7e-m+fp/hard\libc_nano.a(lib_a-fprintf.o)
                0x00000000080074ec                fiprintf
                0x00000000080074ec                fprintf
 .text._fwalk_reent
                0x0000000008007510       0x3e c:/st/stm32cubeide_1.12.0/stm32cubeide/plugins/com.st.stm32cube.ide.mcu.externaltools.gnu-tools-for-stm32.10.3-2021.10.win32_1.0.200.202301161003/tools/bin/../lib/gcc/arm-none-eabi/10.3.1/../../../../arm-none-eabi/lib/thumb/v7e-m+fp/hard\libc_nano.a(lib_a-fwalk.o)
                0x0000000008007510                _fwalk_reent
 *fill*         0x000000000800754e        0x2 
 .text._localeconv_r
                0x0000000008007550        0x8 c:/st/stm32cubeide_1.12.0/stm32cubeide/plugins/com.st.stm32cube.ide.mcu.externaltools.gnu-tools-for-stm32.10.3-2021.10.win32_1.0.200.202301161003/tools/bin/../lib/gcc/arm-none-eabi/10.3.1/../../../../arm-none-eabi/lib/thumb/v7e-m+fp/hard\libc_nano.a(lib_a-localeconv.o)
                0x0000000008007550                _localeconv_r
 .text.__retarget_lock_init_recursive
                0x0000000008007558        0x2 c:/st/stm32cubeide_1.12.0/stm32cubeide/plugins/com.st.stm32cube.ide.mcu.externaltools.gnu-tools-for-stm32.10.3-2021.10.win32_1.0.200.202301161003/tools/bin/../lib/gcc/arm-none-eabi/10.3.1/../../../../arm-none-eabi/lib/thumb/v7e-m+fp/hard\libc_nano.a(lib_a-lock.o)
                0x0000000008007558                __retarget_lock_init_recursive
 .text.__retarget_lock_acquire_recursive
                0x000000000800755a        0x2 c:/st/stm32cubeide_1.12.0/stm32cubeide/plugins/com.st.stm32cube.ide.mcu.externaltools.gnu-tools-for-stm32.10.3-2021.10.win32_1.0.200.202301161003/tools/bin/../lib/gcc/arm-none-eabi/10.3.1/../../../../arm-none-eabi/lib/thumb/v7e-m+fp/hard\libc_nano.a(lib_a-lock.o)
                0x000000000800755a                __retarget_lock_acquire_recursive
 .text.__retarget_lock_release_recursive
                0x000000000800755c        0x2 c:/st/stm32cubeide_1.12.0/stm32cubeide/plugins/com.st.stm32cube.ide.mcu.externaltools.gnu-tools-for-stm32.10.3-2021.10.win32_1.0.200.202301161003/tools/bin/../lib/gcc/arm-none-eabi/10.3.1/../../../../arm-none-eabi/lib/thumb/v7e-m+fp/hard\libc_nano.a(lib_a-lock.o)
                0x000000000800755c                __retarget_lock_release_recursive
 .text.__swhatbuf_r
                0x000000000800755e       0x4a c:/st/stm32cubeide_1.12.0/stm32cubeide/plugins/com.st.stm32cube.ide.mcu.externaltools.gnu-tools-for-stm32.10.3-2021.10.win32_1.0.200.202301161003/tools/bin/../lib/gcc/arm-none-eabi/10.3.1/../../../../arm-none-eabi/lib/thumb/v7e-m+fp/hard\libc_nano.a(lib_a-makebuf.o)
                0x000000000800755e                __swhatbuf_r
 .text.__smakebuf_r
                0x00000000080075a8       0x80 c:/st/stm32cubeide_1.12.0/stm32cubeide/plugins/com.st.stm32cube.ide.mcu.externaltools.gnu-tools-for-stm32.10.3-2021.10.win32_1.0.200.202301161003/tools/bin/../lib/gcc/arm-none-eabi/10.3.1/../../../../arm-none-eabi/lib/thumb/v7e-m+fp/hard\libc_nano.a(lib_a-makebuf.o)
                0x00000000080075a8                __smakebuf_r
 .text.malloc   0x0000000008007628       0x10 c:/st/stm32cubeide_1.12.0/stm32cubeide/plugins/com.st.stm32cube.ide.mcu.externaltools.gnu-tools-for-stm32.10.3-2021.10.win32_1.0.200.202301161003/tools/bin/../lib/gcc/arm-none-eabi/10.3.1/../../../../arm-none-eabi/lib/thumb/v7e-m+fp/hard\libc_nano.a(lib_a-malloc.o)
                0x0000000008007628                malloc
 .text._Balloc  0x0000000008007638       0x80 c:/st/stm32cubeide_1.12.0/stm32cubeide/plugins/com.st.stm32cube.ide.mcu.externaltools.gnu-tools-for-stm32.10.3-2021.10.win32_1.0.200.202301161003/tools/bin/../lib/gcc/arm-none-eabi/10.3.1/../../../../arm-none-eabi/lib/thumb/v7e-m+fp/hard\libc_nano.a(lib_a-mprec.o)
                0x0000000008007638                _Balloc
 .text._Bfree   0x00000000080076b8       0x44 c:/st/stm32cubeide_1.12.0/stm32cubeide/plugins/com.st.stm32cube.ide.mcu.externaltools.gnu-tools-for-stm32.10.3-2021.10.win32_1.0.200.202301161003/tools/bin/../lib/gcc/arm-none-eabi/10.3.1/../../../../arm-none-eabi/lib/thumb/v7e-m+fp/hard\libc_nano.a(lib_a-mprec.o)
                0x00000000080076b8                _Bfree
 .text.__multadd
                0x00000000080076fc       0x8c c:/st/stm32cubeide_1.12.0/stm32cubeide/plugins/com.st.stm32cube.ide.mcu.externaltools.gnu-tools-for-stm32.10.3-2021.10.win32_1.0.200.202301161003/tools/bin/../lib/gcc/arm-none-eabi/10.3.1/../../../../arm-none-eabi/lib/thumb/v7e-m+fp/hard\libc_nano.a(lib_a-mprec.o)
                0x00000000080076fc                __multadd
 .text.__hi0bits
                0x0000000008007788       0x40 c:/st/stm32cubeide_1.12.0/stm32cubeide/plugins/com.st.stm32cube.ide.mcu.externaltools.gnu-tools-for-stm32.10.3-2021.10.win32_1.0.200.202301161003/tools/bin/../lib/gcc/arm-none-eabi/10.3.1/../../../../arm-none-eabi/lib/thumb/v7e-m+fp/hard\libc_nano.a(lib_a-mprec.o)
                0x0000000008007788                __hi0bits
 .text.__lo0bits
                0x00000000080077c8       0x5e c:/st/stm32cubeide_1.12.0/stm32cubeide/plugins/com.st.stm32cube.ide.mcu.externaltools.gnu-tools-for-stm32.10.3-2021.10.win32_1.0.200.202301161003/tools/bin/../lib/gcc/arm-none-eabi/10.3.1/../../../../arm-none-eabi/lib/thumb/v7e-m+fp/hard\libc_nano.a(lib_a-mprec.o)
                0x00000000080077c8                __lo0bits
 *fill*         0x0000000008007826        0x2 
 .text.__i2b    0x0000000008007828       0x2c c:/st/stm32cubeide_1.12.0/stm32cubeide/plugins/com.st.stm32cube.ide.mcu.externaltools.gnu-tools-for-stm32.10.3-2021.10.win32_1.0.200.202301161003/tools/bin/../lib/gcc/arm-none-eabi/10.3.1/../../../../arm-none-eabi/lib/thumb/v7e-m+fp/hard\libc_nano.a(lib_a-mprec.o)
                0x0000000008007828                __i2b
 .text.__multiply
                0x0000000008007854      0x154 c:/st/stm32cubeide_1.12.0/stm32cubeide/plugins/com.st.stm32cube.ide.mcu.externaltools.gnu-tools-for-stm32.10.3-2021.10.win32_1.0.200.202301161003/tools/bin/../lib/gcc/arm-none-eabi/10.3.1/../../../../arm-none-eabi/lib/thumb/v7e-m+fp/hard\libc_nano.a(lib_a-mprec.o)
                0x0000000008007854                __multiply
 .text.__pow5mult
                0x00000000080079a8       0xb4 c:/st/stm32cubeide_1.12.0/stm32cubeide/plugins/com.st.stm32cube.ide.mcu.externaltools.gnu-tools-for-stm32.10.3-2021.10.win32_1.0.200.202301161003/tools/bin/../lib/gcc/arm-none-eabi/10.3.1/../../../../arm-none-eabi/lib/thumb/v7e-m+fp/hard\libc_nano.a(lib_a-mprec.o)
                0x00000000080079a8                __pow5mult
 .text.__lshift
                0x0000000008007a5c       0xe0 c:/st/stm32cubeide_1.12.0/stm32cubeide/plugins/com.st.stm32cube.ide.mcu.externaltools.gnu-tools-for-stm32.10.3-2021.10.win32_1.0.200.202301161003/tools/bin/../lib/gcc/arm-none-eabi/10.3.1/../../../../arm-none-eabi/lib/thumb/v7e-m+fp/hard\libc_nano.a(lib_a-mprec.o)
                0x0000000008007a5c                __lshift
 .text.__mcmp   0x0000000008007b3c       0x38 c:/st/stm32cubeide_1.12.0/stm32cubeide/plugins/com.st.stm32cube.ide.mcu.externaltools.gnu-tools-for-stm32.10.3-2021.10.win32_1.0.200.202301161003/tools/bin/../lib/gcc/arm-none-eabi/10.3.1/../../../../arm-none-eabi/lib/thumb/v7e-m+fp/hard\libc_nano.a(lib_a-mprec.o)
                0x0000000008007b3c                __mcmp
 .text.__mdiff  0x0000000008007b74      0x114 c:/st/stm32cubeide_1.12.0/stm32cubeide/plugins/com.st.stm32cube.ide.mcu.externaltools.gnu-tools-for-stm32.10.3-2021.10.win32_1.0.200.202301161003/tools/bin/../lib/gcc/arm-none-eabi/10.3.1/../../../../arm-none-eabi/lib/thumb/v7e-m+fp/hard\libc_nano.a(lib_a-mprec.o)
                0x0000000008007b74                __mdiff
 .text.__d2b    0x0000000008007c88       0xb8 c:/st/stm32cubeide_1.12.0/stm32cubeide/plugins/com.st.stm32cube.ide.mcu.externaltools.gnu-tools-for-stm32.10.3-2021.10.win32_1.0.200.202301161003/tools/bin/../lib/gcc/arm-none-eabi/10.3.1/../../../../arm-none-eabi/lib/thumb/v7e-m+fp/hard\libc_nano.a(lib_a-mprec.o)
                0x0000000008007c88                __d2b
 .text._calloc_r
                0x0000000008007d40       0x2c c:/st/stm32cubeide_1.12.0/stm32cubeide/plugins/com.st.stm32cube.ide.mcu.externaltools.gnu-tools-for-stm32.10.3-2021.10.win32_1.0.200.202301161003/tools/bin/../lib/gcc/arm-none-eabi/10.3.1/../../../../arm-none-eabi/lib/thumb/v7e-m+fp/hard\libc_nano.a(lib_a-nano-callocr.o)
                0x0000000008007d40                _calloc_r
 .text._free_r  0x0000000008007d6c       0x98 c:/st/stm32cubeide_1.12.0/stm32cubeide/plugins/com.st.stm32cube.ide.mcu.externaltools.gnu-tools-for-stm32.10.3-2021.10.win32_1.0.200.202301161003/tools/bin/../lib/gcc/arm-none-eabi/10.3.1/../../../../arm-none-eabi/lib/thumb/v7e-m+fp/hard\libc_nano.a(lib_a-nano-freer.o)
                0x0000000008007d6c                _free_r
 .text.sbrk_aligned
                0x0000000008007e04       0x40 c:/st/stm32cubeide_1.12.0/stm32cubeide/plugins/com.st.stm32cube.ide.mcu.externaltools.gnu-tools-for-stm32.10.3-2021.10.win32_1.0.200.202301161003/tools/bin/../lib/gcc/arm-none-eabi/10.3.1/../../../../arm-none-eabi/lib/thumb/v7e-m+fp/hard\libc_nano.a(lib_a-nano-mallocr.o)
 .text._malloc_r
                0x0000000008007e44       0xe8 c:/st/stm32cubeide_1.12.0/stm32cubeide/plugins/com.st.stm32cube.ide.mcu.externaltools.gnu-tools-for-stm32.10.3-2021.10.win32_1.0.200.202301161003/tools/bin/../lib/gcc/arm-none-eabi/10.3.1/../../../../arm-none-eabi/lib/thumb/v7e-m+fp/hard\libc_nano.a(lib_a-nano-mallocr.o)
                0x0000000008007e44                _malloc_r
 .text.__ssputs_r
                0x0000000008007f2c       0xb6 c:/st/stm32cubeide_1.12.0/stm32cubeide/plugins/com.st.stm32cube.ide.mcu.externaltools.gnu-tools-for-stm32.10.3-2021.10.win32_1.0.200.202301161003/tools/bin/../lib/gcc/arm-none-eabi/10.3.1/../../../../arm-none-eabi/lib/thumb/v7e-m+fp/hard\libc_nano.a(lib_a-nano-svfprintf.o)
                0x0000000008007f2c                __ssputs_r
 *fill*         0x0000000008007fe2        0x2 
 .text._svfprintf_r
                0x0000000008007fe4      0x200 c:/st/stm32cubeide_1.12.0/stm32cubeide/plugins/com.st.stm32cube.ide.mcu.externaltools.gnu-tools-for-stm32.10.3-2021.10.win32_1.0.200.202301161003/tools/bin/../lib/gcc/arm-none-eabi/10.3.1/../../../../arm-none-eabi/lib/thumb/v7e-m+fp/hard\libc_nano.a(lib_a-nano-svfprintf.o)
                0x0000000008007fe4                _svfiprintf_r
                0x0000000008007fe4                _svfprintf_r
 .text.__sfputc_r
                0x00000000080081e4       0x2e c:/st/stm32cubeide_1.12.0/stm32cubeide/plugins/com.st.stm32cube.ide.mcu.externaltools.gnu-tools-for-stm32.10.3-2021.10.win32_1.0.200.202301161003/tools/bin/../lib/gcc/arm-none-eabi/10.3.1/../../../../arm-none-eabi/lib/thumb/v7e-m+fp/hard\libc_nano.a(lib_a-nano-vfprintf.o)
 .text.__sfputs_r
                0x0000000008008212       0x24 c:/st/stm32cubeide_1.12.0/stm32cubeide/plugins/com.st.stm32cube.ide.mcu.externaltools.gnu-tools-for-stm32.10.3-2021.10.win32_1.0.200.202301161003/tools/bin/../lib/gcc/arm-none-eabi/10.3.1/../../../../arm-none-eabi/lib/thumb/v7e-m+fp/hard\libc_nano.a(lib_a-nano-vfprintf.o)
                0x0000000008008212                __sfputs_r
 *fill*         0x0000000008008236        0x2 
 .text._vfprintf_r
                0x0000000008008238      0x260 c:/st/stm32cubeide_1.12.0/stm32cubeide/plugins/com.st.stm32cube.ide.mcu.externaltools.gnu-tools-for-stm32.10.3-2021.10.win32_1.0.200.202301161003/tools/bin/../lib/gcc/arm-none-eabi/10.3.1/../../../../arm-none-eabi/lib/thumb/v7e-m+fp/hard\libc_nano.a(lib_a-nano-vfprintf.o)
                0x0000000008008238                _vfprintf_r
                0x0000000008008238                _vfiprintf_r
 .text._sbrk_r  0x0000000008008498       0x20 c:/st/stm32cubeide_1.12.0/stm32cubeide/plugins/com.st.stm32cube.ide.mcu.externaltools.gnu-tools-for-stm32.10.3-2021.10.win32_1.0.200.202301161003/tools/bin/../lib/gcc/arm-none-eabi/10.3.1/../../../../arm-none-eabi/lib/thumb/v7e-m+fp/hard\libc_nano.a(lib_a-sbrkr.o)
                0x0000000008008498                _sbrk_r
 .text.__sread  0x00000000080084b8       0x22 c:/st/stm32cubeide_1.12.0/stm32cubeide/plugins/com.st.stm32cube.ide.mcu.externaltools.gnu-tools-for-stm32.10.3-2021.10.win32_1.0.200.202301161003/tools/bin/../lib/gcc/arm-none-eabi/10.3.1/../../../../arm-none-eabi/lib/thumb/v7e-m+fp/hard\libc_nano.a(lib_a-stdio.o)
                0x00000000080084b8                __sread
 .text.__swrite
                0x00000000080084da       0x38 c:/st/stm32cubeide_1.12.0/stm32cubeide/plugins/com.st.stm32cube.ide.mcu.externaltools.gnu-tools-for-stm32.10.3-2021.10.win32_1.0.200.202301161003/tools/bin/../lib/gcc/arm-none-eabi/10.3.1/../../../../arm-none-eabi/lib/thumb/v7e-m+fp/hard\libc_nano.a(lib_a-stdio.o)
                0x00000000080084da                __swrite
 .text.__sseek  0x0000000008008512       0x24 c:/st/stm32cubeide_1.12.0/stm32cubeide/plugins/com.st.stm32cube.ide.mcu.externaltools.gnu-tools-for-stm32.10.3-2021.10.win32_1.0.200.202301161003/tools/bin/../lib/gcc/arm-none-eabi/10.3.1/../../../../arm-none-eabi/lib/thumb/v7e-m+fp/hard\libc_nano.a(lib_a-stdio.o)
                0x0000000008008512                __sseek
 .text.__sclose
                0x0000000008008536        0x8 c:/st/stm32cubeide_1.12.0/stm32cubeide/plugins/com.st.stm32cube.ide.mcu.externaltools.gnu-tools-for-stm32.10.3-2021.10.win32_1.0.200.202301161003/tools/bin/../lib/gcc/arm-none-eabi/10.3.1/../../../../arm-none-eabi/lib/thumb/v7e-m+fp/hard\libc_nano.a(lib_a-stdio.o)
                0x0000000008008536                __sclose
 *fill*         0x000000000800853e        0x2 
 .text._write_r
                0x0000000008008540       0x24 c:/st/stm32cubeide_1.12.0/stm32cubeide/plugins/com.st.stm32cube.ide.mcu.externaltools.gnu-tools-for-stm32.10.3-2021.10.win32_1.0.200.202301161003/tools/bin/../lib/gcc/arm-none-eabi/10.3.1/../../../../arm-none-eabi/lib/thumb/v7e-m+fp/hard\libc_nano.a(lib_a-writer.o)
                0x0000000008008540                _write_r
 .text.abort    0x0000000008008564        0xe c:/st/stm32cubeide_1.12.0/stm32cubeide/plugins/com.st.stm32cube.ide.mcu.externaltools.gnu-tools-for-stm32.10.3-2021.10.win32_1.0.200.202301161003/tools/bin/../lib/gcc/arm-none-eabi/10.3.1/../../../../arm-none-eabi/lib/thumb/v7e-m+fp/hard\libc_nano.a(lib_a-abort.o)
                0x0000000008008564                abort
 *fill*         0x0000000008008572        0x2 
 .text._close_r
                0x0000000008008574       0x20 c:/st/stm32cubeide_1.12.0/stm32cubeide/plugins/com.st.stm32cube.ide.mcu.externaltools.gnu-tools-for-stm32.10.3-2021.10.win32_1.0.200.202301161003/tools/bin/../lib/gcc/arm-none-eabi/10.3.1/../../../../arm-none-eabi/lib/thumb/v7e-m+fp/hard\libc_nano.a(lib_a-closer.o)
                0x0000000008008574                _close_r
 .text._fstat_r
                0x0000000008008594       0x24 c:/st/stm32cubeide_1.12.0/stm32cubeide/plugins/com.st.stm32cube.ide.mcu.externaltools.gnu-tools-for-stm32.10.3-2021.10.win32_1.0.200.202301161003/tools/bin/../lib/gcc/arm-none-eabi/10.3.1/../../../../arm-none-eabi/lib/thumb/v7e-m+fp/hard\libc_nano.a(lib_a-fstatr.o)
                0x0000000008008594                _fstat_r
 .text._isatty_r
                0x00000000080085b8       0x20 c:/st/stm32cubeide_1.12.0/stm32cubeide/plugins/com.st.stm32cube.ide.mcu.externaltools.gnu-tools-for-stm32.10.3-2021.10.win32_1.0.200.202301161003/tools/bin/../lib/gcc/arm-none-eabi/10.3.1/../../../../arm-none-eabi/lib/thumb/v7e-m+fp/hard\libc_nano.a(lib_a-isattyr.o)
                0x00000000080085b8                _isatty_r
 .text._lseek_r
                0x00000000080085d8       0x24 c:/st/stm32cubeide_1.12.0/stm32cubeide/plugins/com.st.stm32cube.ide.mcu.externaltools.gnu-tools-for-stm32.10.3-2021.10.win32_1.0.200.202301161003/tools/bin/../lib/gcc/arm-none-eabi/10.3.1/../../../../arm-none-eabi/lib/thumb/v7e-m+fp/hard\libc_nano.a(lib_a-lseekr.o)
                0x00000000080085d8                _lseek_r
 .text.__ascii_mbtowc
                0x00000000080085fc       0x24 c:/st/stm32cubeide_1.12.0/stm32cubeide/plugins/com.st.stm32cube.ide.mcu.externaltools.gnu-tools-for-stm32.10.3-2021.10.win32_1.0.200.202301161003/tools/bin/../lib/gcc/arm-none-eabi/10.3.1/../../../../arm-none-eabi/lib/thumb/v7e-m+fp/hard\libc_nano.a(lib_a-mbtowc_r.o)
                0x00000000080085fc                __ascii_mbtowc
 .text.memmove  0x0000000008008620       0x34 c:/st/stm32cubeide_1.12.0/stm32cubeide/plugins/com.st.stm32cube.ide.mcu.externaltools.gnu-tools-for-stm32.10.3-2021.10.win32_1.0.200.202301161003/tools/bin/../lib/gcc/arm-none-eabi/10.3.1/../../../../arm-none-eabi/lib/thumb/v7e-m+fp/hard\libc_nano.a(lib_a-memmove.o)
                0x0000000008008620                memmove
 .text.__malloc_lock
                0x0000000008008654        0xc c:/st/stm32cubeide_1.12.0/stm32cubeide/plugins/com.st.stm32cube.ide.mcu.externaltools.gnu-tools-for-stm32.10.3-2021.10.win32_1.0.200.202301161003/tools/bin/../lib/gcc/arm-none-eabi/10.3.1/../../../../arm-none-eabi/lib/thumb/v7e-m+fp/hard\libc_nano.a(lib_a-mlock.o)
                0x0000000008008654                __malloc_lock
 .text.__malloc_unlock
                0x0000000008008660        0xc c:/st/stm32cubeide_1.12.0/stm32cubeide/plugins/com.st.stm32cube.ide.mcu.externaltools.gnu-tools-for-stm32.10.3-2021.10.win32_1.0.200.202301161003/tools/bin/../lib/gcc/arm-none-eabi/10.3.1/../../../../arm-none-eabi/lib/thumb/v7e-m+fp/hard\libc_nano.a(lib_a-mlock.o)
                0x0000000008008660                __malloc_unlock
 .text._realloc_r
                0x000000000800866c       0x5e c:/st/stm32cubeide_1.12.0/stm32cubeide/plugins/com.st.stm32cube.ide.mcu.externaltools.gnu-tools-for-stm32.10.3-2021.10.win32_1.0.200.202301161003/tools/bin/../lib/gcc/arm-none-eabi/10.3.1/../../../../arm-none-eabi/lib/thumb/v7e-m+fp/hard\libc_nano.a(lib_a-nano-reallocr.o)
                0x000000000800866c                _realloc_r
 *fill*         0x00000000080086ca        0x2 
 .text._read_r  0x00000000080086cc       0x24 c:/st/stm32cubeide_1.12.0/stm32cubeide/plugins/com.st.stm32cube.ide.mcu.externaltools.gnu-tools-for-stm32.10.3-2021.10.win32_1.0.200.202301161003/tools/bin/../lib/gcc/arm-none-eabi/10.3.1/../../../../arm-none-eabi/lib/thumb/v7e-m+fp/hard\libc_nano.a(lib_a-readr.o)
                0x00000000080086cc                _read_r
 .text._raise_r
                0x00000000080086f0       0x50 c:/st/stm32cubeide_1.12.0/stm32cubeide/plugins/com.st.stm32cube.ide.mcu.externaltools.gnu-tools-for-stm32.10.3-2021.10.win32_1.0.200.202301161003/tools/bin/../lib/gcc/arm-none-eabi/10.3.1/../../../../arm-none-eabi/lib/thumb/v7e-m+fp/hard\libc_nano.a(lib_a-signal.o)
                0x00000000080086f0                _raise_r
 .text.raise    0x0000000008008740       0x10 c:/st/stm32cubeide_1.12.0/stm32cubeide/plugins/com.st.stm32cube.ide.mcu.externaltools.gnu-tools-for-stm32.10.3-2021.10.win32_1.0.200.202301161003/tools/bin/../lib/gcc/arm-none-eabi/10.3.1/../../../../arm-none-eabi/lib/thumb/v7e-m+fp/hard\libc_nano.a(lib_a-signal.o)
                0x0000000008008740                raise
 .text._kill_r  0x0000000008008750       0x24 c:/st/stm32cubeide_1.12.0/stm32cubeide/plugins/com.st.stm32cube.ide.mcu.externaltools.gnu-tools-for-stm32.10.3-2021.10.win32_1.0.200.202301161003/tools/bin/../lib/gcc/arm-none-eabi/10.3.1/../../../../arm-none-eabi/lib/thumb/v7e-m+fp/hard\libc_nano.a(lib_a-signalr.o)
                0x0000000008008750                _kill_r
 .text._getpid_r
                0x0000000008008774        0x4 c:/st/stm32cubeide_1.12.0/stm32cubeide/plugins/com.st.stm32cube.ide.mcu.externaltools.gnu-tools-for-stm32.10.3-2021.10.win32_1.0.200.202301161003/tools/bin/../lib/gcc/arm-none-eabi/10.3.1/../../../../arm-none-eabi/lib/thumb/v7e-m+fp/hard\libc_nano.a(lib_a-signalr.o)
                0x0000000008008774                _getpid_r
 .text.__ascii_wctomb
                0x0000000008008778       0x1a c:/st/stm32cubeide_1.12.0/stm32cubeide/plugins/com.st.stm32cube.ide.mcu.externaltools.gnu-tools-for-stm32.10.3-2021.10.win32_1.0.200.202301161003/tools/bin/../lib/gcc/arm-none-eabi/10.3.1/../../../../arm-none-eabi/lib/thumb/v7e-m+fp/hard\libc_nano.a(lib_a-wctomb_r.o)
                0x0000000008008778                __ascii_wctomb
 .text._malloc_usable_size_r
                0x0000000008008792       0x10 c:/st/stm32cubeide_1.12.0/stm32cubeide/plugins/com.st.stm32cube.ide.mcu.externaltools.gnu-tools-for-stm32.10.3-2021.10.win32_1.0.200.202301161003/tools/bin/../lib/gcc/arm-none-eabi/10.3.1/../../../../arm-none-eabi/lib/thumb/v7e-m+fp/hard\libc_nano.a(lib_a-nano-msizer.o)
                0x0000000008008792                _malloc_usable_size_r
 *(.glue_7)
 .glue_7        0x00000000080087a2        0x0 linker stubs
 *(.glue_7t)
 .glue_7t       0x00000000080087a2        0x0 linker stubs
 *(.eh_frame)
 *fill*         0x00000000080087a2        0x2 
 .eh_frame      0x00000000080087a4        0x0 c:/st/stm32cubeide_1.12.0/stm32cubeide/plugins/com.st.stm32cube.ide.mcu.externaltools.gnu-tools-for-stm32.10.3-2021.10.win32_1.0.200.202301161003/tools/bin/../lib/gcc/arm-none-eabi/10.3.1/thumb/v7e-m+fp/hard/crtbegin.o
 *(.init)
 .init          0x00000000080087a4        0x4 c:/st/stm32cubeide_1.12.0/stm32cubeide/plugins/com.st.stm32cube.ide.mcu.externaltools.gnu-tools-for-stm32.10.3-2021.10.win32_1.0.200.202301161003/tools/bin/../lib/gcc/arm-none-eabi/10.3.1/thumb/v7e-m+fp/hard/crti.o
                0x00000000080087a4                _init
 .init          0x00000000080087a8        0x8 c:/st/stm32cubeide_1.12.0/stm32cubeide/plugins/com.st.stm32cube.ide.mcu.externaltools.gnu-tools-for-stm32.10.3-2021.10.win32_1.0.200.202301161003/tools/bin/../lib/gcc/arm-none-eabi/10.3.1/thumb/v7e-m+fp/hard/crtn.o
 *(.fini)
 .fini          0x00000000080087b0        0x4 c:/st/stm32cubeide_1.12.0/stm32cubeide/plugins/com.st.stm32cube.ide.mcu.externaltools.gnu-tools-for-stm32.10.3-2021.10.win32_1.0.200.202301161003/tools/bin/../lib/gcc/arm-none-eabi/10.3.1/thumb/v7e-m+fp/hard/crti.o
                0x00000000080087b0                _fini
 .fini          0x00000000080087b4        0x8 c:/st/stm32cubeide_1.12.0/stm32cubeide/plugins/com.st.stm32cube.ide.mcu.externaltools.gnu-tools-for-stm32.10.3-2021.10.win32_1.0.200.202301161003/tools/bin/../lib/gcc/arm-none-eabi/10.3.1/thumb/v7e-m+fp/hard/crtn.o
                0x00000000080087c0                . = ALIGN (0x8)
 *fill*         0x00000000080087bc        0x4 
                0x00000000080087c0                _etext = .

.vfp11_veneer   0x00000000080087c0        0x0
 .vfp11_veneer  0x00000000080087c0        0x0 linker stubs

.v4_bx          0x00000000080087c0        0x0
 .v4_bx         0x00000000080087c0        0x0 linker stubs

.iplt           0x00000000080087c0        0x0
 .iplt          0x00000000080087c0        0x0 c:/st/stm32cubeide_1.12.0/stm32cubeide/plugins/com.st.stm32cube.ide.mcu.externaltools.gnu-tools-for-stm32.10.3-2021.10.win32_1.0.200.202301161003/tools/bin/../lib/gcc/arm-none-eabi/10.3.1/thumb/v7e-m+fp/hard/crtbegin.o

.rodata         0x00000000080087c0      0xce8
                0x00000000080087c0                . = ALIGN (0x8)
 *(.rodata)
 .rodata        0x00000000080087c0       0x68 ./Drivers/BSP/Components/lsm6dsl.o
 .rodata        0x0000000008008828       0x48 ./Drivers/CMSIS/system_stm32l4xx.o
                0x0000000008008828                MSIRangeTable
                0x0000000008008858                AHBPrescTable
                0x0000000008008868                APBPrescTable
 .rodata        0x0000000008008870       0x10 ./Drivers/STM32L4xx_HAL_Driver/stm32l4xx_hal_uart.o
 *(.rodata*)
 .rodata.str1.1
                0x0000000008008880      0x38f ./Application/User/main.o
 .rodata.str1.1
                0x0000000008008c0f      0x45c ./Application/WIFI/es_wifi.o
                                        0x476 (size before relaxing)
 *fill*         0x000000000800906b        0x1 
 .rodata._global_impure_ptr
                0x000000000800906c        0x4 c:/st/stm32cubeide_1.12.0/stm32cubeide/plugins/com.st.stm32cube.ide.mcu.externaltools.gnu-tools-for-stm32.10.3-2021.10.win32_1.0.200.202301161003/tools/bin/../lib/gcc/arm-none-eabi/10.3.1/../../../../arm-none-eabi/lib/thumb/v7e-m+fp/hard\libc_nano.a(lib_a-impure.o)
                0x000000000800906c                _global_impure_ptr
 .rodata._printf_float.str1.1
                0x0000000008009070       0x12 c:/st/stm32cubeide_1.12.0/stm32cubeide/plugins/com.st.stm32cube.ide.mcu.externaltools.gnu-tools-for-stm32.10.3-2021.10.win32_1.0.200.202301161003/tools/bin/../lib/gcc/arm-none-eabi/10.3.1/../../../../arm-none-eabi/lib/thumb/v7e-m+fp/hard\libc_nano.a(lib_a-nano-vfprintf_float.o)
 .rodata._printf_i.str1.1
                0x0000000008009082       0x22 c:/st/stm32cubeide_1.12.0/stm32cubeide/plugins/com.st.stm32cube.ide.mcu.externaltools.gnu-tools-for-stm32.10.3-2021.10.win32_1.0.200.202301161003/tools/bin/../lib/gcc/arm-none-eabi/10.3.1/../../../../arm-none-eabi/lib/thumb/v7e-m+fp/hard\libc_nano.a(lib_a-nano-vfprintf_i.o)
 .rodata.strtok.str1.1
                0x00000000080090a4       0x74 c:/st/stm32cubeide_1.12.0/stm32cubeide/plugins/com.st.stm32cube.ide.mcu.externaltools.gnu-tools-for-stm32.10.3-2021.10.win32_1.0.200.202301161003/tools/bin/../lib/gcc/arm-none-eabi/10.3.1/../../../../arm-none-eabi/lib/thumb/v7e-m+fp/hard\libc_nano.a(lib_a-strtok.o)
 .rodata.__assert_func.str1.1
                0x0000000008009118       0x3c c:/st/stm32cubeide_1.12.0/stm32cubeide/plugins/com.st.stm32cube.ide.mcu.externaltools.gnu-tools-for-stm32.10.3-2021.10.win32_1.0.200.202301161003/tools/bin/../lib/gcc/arm-none-eabi/10.3.1/../../../../arm-none-eabi/lib/thumb/v7e-m+fp/hard\libc_nano.a(lib_a-assert.o)
                                         0x3d (size before relaxing)
 .rodata._dtoa_r.str1.1
                0x0000000008009154       0x79 c:/st/stm32cubeide_1.12.0/stm32cubeide/plugins/com.st.stm32cube.ide.mcu.externaltools.gnu-tools-for-stm32.10.3-2021.10.win32_1.0.200.202301161003/tools/bin/../lib/gcc/arm-none-eabi/10.3.1/../../../../arm-none-eabi/lib/thumb/v7e-m+fp/hard\libc_nano.a(lib_a-dtoa.o)
                                         0x92 (size before relaxing)
 *fill*         0x00000000080091cd        0x3 
 .rodata.__sf_fake_stderr
                0x00000000080091d0       0x20 c:/st/stm32cubeide_1.12.0/stm32cubeide/plugins/com.st.stm32cube.ide.mcu.externaltools.gnu-tools-for-stm32.10.3-2021.10.win32_1.0.200.202301161003/tools/bin/../lib/gcc/arm-none-eabi/10.3.1/../../../../arm-none-eabi/lib/thumb/v7e-m+fp/hard\libc_nano.a(lib_a-findfp.o)
                0x00000000080091d0                __sf_fake_stderr
 .rodata.__sf_fake_stdin
                0x00000000080091f0       0x20 c:/st/stm32cubeide_1.12.0/stm32cubeide/plugins/com.st.stm32cube.ide.mcu.externaltools.gnu-tools-for-stm32.10.3-2021.10.win32_1.0.200.202301161003/tools/bin/../lib/gcc/arm-none-eabi/10.3.1/../../../../arm-none-eabi/lib/thumb/v7e-m+fp/hard\libc_nano.a(lib_a-findfp.o)
                0x00000000080091f0                __sf_fake_stdin
 .rodata.__sf_fake_stdout
                0x0000000008009210       0x20 c:/st/stm32cubeide_1.12.0/stm32cubeide/plugins/com.st.stm32cube.ide.mcu.externaltools.gnu-tools-for-stm32.10.3-2021.10.win32_1.0.200.202301161003/tools/bin/../lib/gcc/arm-none-eabi/10.3.1/../../../../arm-none-eabi/lib/thumb/v7e-m+fp/hard\libc_nano.a(lib_a-findfp.o)
                0x0000000008009210                __sf_fake_stdout
 .rodata._Balloc.str1.1
                0x0000000008009230       0x5c c:/st/stm32cubeide_1.12.0/stm32cubeide/plugins/com.st.stm32cube.ide.mcu.externaltools.gnu-tools-for-stm32.10.3-2021.10.win32_1.0.200.202301161003/tools/bin/../lib/gcc/arm-none-eabi/10.3.1/../../../../arm-none-eabi/lib/thumb/v7e-m+fp/hard\libc_nano.a(lib_a-mprec.o)
                                         0x73 (size before relaxing)
 .rodata.__multadd.str1.1
                0x000000000800928c       0x11 c:/st/stm32cubeide_1.12.0/stm32cubeide/plugins/com.st.stm32cube.ide.mcu.externaltools.gnu-tools-for-stm32.10.3-2021.10.win32_1.0.200.202301161003/tools/bin/../lib/gcc/arm-none-eabi/10.3.1/../../../../arm-none-eabi/lib/thumb/v7e-m+fp/hard\libc_nano.a(lib_a-mprec.o)
 *fill*         0x000000000800928c        0x4 
 .rodata.__mprec_bigtens
                0x0000000008009290       0x28 c:/st/stm32cubeide_1.12.0/stm32cubeide/plugins/com.st.stm32cube.ide.mcu.externaltools.gnu-tools-for-stm32.10.3-2021.10.win32_1.0.200.202301161003/tools/bin/../lib/gcc/arm-none-eabi/10.3.1/../../../../arm-none-eabi/lib/thumb/v7e-m+fp/hard\libc_nano.a(lib_a-mprec.o)
                0x0000000008009290                __mprec_bigtens
 .rodata.__mprec_tens
                0x00000000080092b8       0xc8 c:/st/stm32cubeide_1.12.0/stm32cubeide/plugins/com.st.stm32cube.ide.mcu.externaltools.gnu-tools-for-stm32.10.3-2021.10.win32_1.0.200.202301161003/tools/bin/../lib/gcc/arm-none-eabi/10.3.1/../../../../arm-none-eabi/lib/thumb/v7e-m+fp/hard\libc_nano.a(lib_a-mprec.o)
                0x00000000080092b8                __mprec_tens
 .rodata.p05.0  0x0000000008009380        0xc c:/st/stm32cubeide_1.12.0/stm32cubeide/plugins/com.st.stm32cube.ide.mcu.externaltools.gnu-tools-for-stm32.10.3-2021.10.win32_1.0.200.202301161003/tools/bin/../lib/gcc/arm-none-eabi/10.3.1/../../../../arm-none-eabi/lib/thumb/v7e-m+fp/hard\libc_nano.a(lib_a-mprec.o)
 .rodata._svfprintf_r.str1.1
                0x000000000800938c       0x11 c:/st/stm32cubeide_1.12.0/stm32cubeide/plugins/com.st.stm32cube.ide.mcu.externaltools.gnu-tools-for-stm32.10.3-2021.10.win32_1.0.200.202301161003/tools/bin/../lib/gcc/arm-none-eabi/10.3.1/../../../../arm-none-eabi/lib/thumb/v7e-m+fp/hard\libc_nano.a(lib_a-nano-svfprintf.o)
 .rodata._vfprintf_r.str1.1
                0x000000000800939d       0x11 c:/st/stm32cubeide_1.12.0/stm32cubeide/plugins/com.st.stm32cube.ide.mcu.externaltools.gnu-tools-for-stm32.10.3-2021.10.win32_1.0.200.202301161003/tools/bin/../lib/gcc/arm-none-eabi/10.3.1/../../../../arm-none-eabi/lib/thumb/v7e-m+fp/hard\libc_nano.a(lib_a-nano-vfprintf.o)
 .rodata._setlocale_r.str1.1
                0x000000000800939d        0x8 c:/st/stm32cubeide_1.12.0/stm32cubeide/plugins/com.st.stm32cube.ide.mcu.externaltools.gnu-tools-for-stm32.10.3-2021.10.win32_1.0.200.202301161003/tools/bin/../lib/gcc/arm-none-eabi/10.3.1/../../../../arm-none-eabi/lib/thumb/v7e-m+fp/hard\libc_nano.a(lib_a-locale.o)
                                          0x9 (size before relaxing)
 .rodata.str1.1
                0x00000000080093a5        0x2 c:/st/stm32cubeide_1.12.0/stm32cubeide/plugins/com.st.stm32cube.ide.mcu.externaltools.gnu-tools-for-stm32.10.3-2021.10.win32_1.0.200.202301161003/tools/bin/../lib/gcc/arm-none-eabi/10.3.1/../../../../arm-none-eabi/lib/thumb/v7e-m+fp/hard\libc_nano.a(lib_a-locale.o)
 .rodata._ctype_
                0x00000000080093a5      0x101 c:/st/stm32cubeide_1.12.0/stm32cubeide/plugins/com.st.stm32cube.ide.mcu.externaltools.gnu-tools-for-stm32.10.3-2021.10.win32_1.0.200.202301161003/tools/bin/../lib/gcc/arm-none-eabi/10.3.1/../../../../arm-none-eabi/lib/thumb/v7e-m+fp/hard\libc_nano.a(lib_a-ctype_.o)
                0x00000000080093a5                _ctype_
                0x00000000080094a8                . = ALIGN (0x8)
 *fill*         0x00000000080094a6        0x2 

.ARM.extab      0x00000000080094a8        0x0
                0x00000000080094a8                . = ALIGN (0x8)
 *(.ARM.extab* .gnu.linkonce.armextab.*)
                0x00000000080094a8                . = ALIGN (0x8)

.ARM            0x00000000080094a8        0x8
                0x00000000080094a8                . = ALIGN (0x8)
                0x00000000080094a8                __exidx_start = .
 *(.ARM.exidx*)